******************************************************************************
            TI ARM Clang Linker PC v4.0.4                      
******************************************************************************
>> Linked Fri May 15 19:55:31 2026

OUTPUT FILE NAME:   <emptygreen.out>
ENTRY POINT SYMBOL: "_c_int00_noargs"  address: 00004865


MEMORY CONFIGURATION

         name            origin    length      used     unused   attr    fill
----------------------  --------  ---------  --------  --------  ----  --------
  FLASH                 00000000   00020000  000055b8  0001aa48  R  X
  SRAM                  20200000   00008000  00000475  00007b8b  RW X
  BCR_CONFIG            41c00000   000000ff  00000000  000000ff  R   
  BSL_CONFIG            41c00100   00000080  00000000  00000080  R   


SEGMENT ALLOCATION MAP

run origin  load origin   length   init length attrs members
----------  ----------- ---------- ----------- ----- -------
00000000    00000000    00004ac8   00004ac8    r-x
  00000000    00000000    000000c0   000000c0    r-- .intvecs
  000000c0    000000c0    00004a08   00004a08    r-x .text
00004ad0    00004ad0    00000af0   00000af0    r--
  00004ad0    00004ad0    00000a50   00000a50    r-- .rodata
  00005520    00005520    000000a0   000000a0    r-- .cinit
20200000    20200000    00000277   00000000    rw-
  20200000    20200000    0000015e   00000000    rw- .bss
  20200160    20200160    00000117   00000000    rw- .data
20207e00    20207e00    00000200   00000000    rw-
  20207e00    20207e00    00000200   00000000    rw- .stack


SECTION ALLOCATION MAP

 output                                  attributes/
section   page    origin      length       input sections
--------  ----  ----------  ----------   ----------------
.intvecs   0    00000000    000000c0     
                  00000000    000000c0     startup_mspm0g350x_ticlang.o (.intvecs)

.text      0    000000c0    00004a08     
                  000000c0    00000e6c     ST7735.o (.text.tft180_init)
                  00000f2c    000009d0     libc.a : _printfi.c.obj (.text:__TI_printfi)
                  000018fc    000004dc     pid_control.o (.text.PID_Update)
                  00001dd8    000002c8     ST7735.o (.text.tft180_show_char)
                  000020a0    0000022c     empty.o (.text.main)
                  000022cc    00000220     libc.a : _printfi.c.obj (.text._pconv_a)
                  000024ec    000001dc            : _printfi.c.obj (.text._pconv_g)
                  000026c8    000001c4     ST7735.o (.text.tft180_set_region)
                  0000288c    00000192     libclang_rt.builtins.a : adddf3.S.obj (.text.adddf3_subdf3)
                  00002a1e    00000002     startup_mspm0g350x_ticlang.o (.text.Default_Handler)
                  00002a20    00000164     ST7735.o (.text.tft180_clear)
                  00002b84    0000013c     libc.a : _printfi.c.obj (.text.fcvt)
                  00002cc0    0000012c     uart.o (.text.UART_Process_Byte)
                  00002dec    00000120     libc.a : _printfi.c.obj (.text._pconv_e)
                  00002f0c    0000010c     libclang_rt.builtins.a : divdf3.S.obj (.text.__divdf3)
                  00003018    000000fc     driverlib.a : dl_timer.o (.text.DL_Timer_initTimerMode)
                  00003114    000000e4     libclang_rt.builtins.a : muldf3.S.obj (.text.__muldf3)
                  000031f8    000000d8     libc.a : s_scalbn.c.obj (.text.scalbn)
                  000032d0    000000d8     libclang_rt.builtins.a : addsf3.S.obj (.text)
                  000033a8    000000c8     motor.o (.text.Motor_OnTimerInterrupt)
                  00003470    000000c4     ti_msp_dl_config.o (.text.SYSCFG_DL_GPIO_init)
                  00003534    000000a2     libclang_rt.builtins.a : udivmoddi4.S.obj (.text)
                  000035d6    00000002                            : aeabi_div0.c.obj (.text.__aeabi_idiv0)
                  000035d8    000000a0     libc.a : e_sqrtf.c.obj (.text.sqrtf)
                  00003678    0000009a            : memcpy16.S.obj (.text:memcpy)
                  00003712    00000094     uart.o (.text.UART_Printf)
                  000037a6    00000002     libclang_rt.builtins.a : aeabi_div0.c.obj (.text.__aeabi_ldiv0)
                  000037a8    0000008c                            : mulsf3.S.obj (.text.__mulsf3)
                  00003834    00000088     motor.o (.text.Motor_Step)
                  000038bc    00000084     empty.o (.text.Handle_UART_Packet)
                  00003940    00000082     libclang_rt.builtins.a : divsf3.S.obj (.text.__divsf3)
                  000039c2    00000002     libc.a : _lock.c.obj (.text._nop)
                  000039c4    0000007c     ti_msp_dl_config.o (.text.SYSCFG_DL_UART_1_init)
                  00003a40    0000007c     libc.a : copy_decompress_lzss.c.obj (.text:decompress:lzss)
                  00003abc    00000078     motor.o (.text.Motor_Init)
                  00003b34    00000074     libclang_rt.builtins.a : comparedf2.c.obj (.text.__gedf2)
                  00003ba8    00000070     ti_msp_dl_config.o (.text.SYSCFG_DL_UART_0_init)
                  00003c18    0000006c     motor.o (.text.Motor_ChangeSubdivision)
                  00003c84    00000068     libclang_rt.builtins.a : comparedf2.c.obj (.text.__ledf2)
                  00003cec    00000066     libc.a : _printfi.c.obj (.text._mcpy)
                  00003d52    00000002     --HOLE-- [fill = 0]
                  00003d54    00000064     pid_control.o (.text.PID_Init)
                  00003db8    00000064     ST7735.o (.text.tft180_printf)
                  00003e1c    00000062     libclang_rt.builtins.a : aeabi_dcmp.S.obj (.text.__aeabi_dcmp)
                  00003e7e    00000002     --HOLE-- [fill = 0]
                  00003e80    00000062                            : aeabi_fcmp.S.obj (.text.__aeabi_fcmp)
                  00003ee2    00000062     libc.a : memset16.S.obj (.text:memset)
                  00003f44    00000060     ti_msp_dl_config.o (.text.SYSCFG_DL_initPower)
                  00003fa4    0000005c     libc.a : s_frexp.c.obj (.text.frexp)
                  00004000    00000058            : _ltoa.c.obj (.text.__TI_ltoa)
                  00004058    00000058            : _printfi.c.obj (.text._pconv_f)
                  000040b0    00000056     libclang_rt.builtins.a : aeabi_idivmod.S.obj (.text.__aeabi_idivmod)
                  00004106    00000052     libc.a : _printfi.c.obj (.text._ecpy)
                  00004158    0000004c     ti_msp_dl_config.o (.text.SYSCFG_DL_ST7735_SPI_init)
                  000041a4    0000004a     libclang_rt.builtins.a : fixdfsi.S.obj (.text.__fixdfsi)
                  000041ee    00000002     --HOLE-- [fill = 0]
                  000041f0    00000048     driverlib.a : dl_uart.o (.text.DL_UART_init)
                  00004238    00000044                 : dl_spi.o (.text.DL_SPI_init)
                  0000427c    00000042     libclang_rt.builtins.a : fixunsdfsi.S.obj (.text.__fixunsdfsi)
                  000042be    00000002     --HOLE-- [fill = 0]
                  000042c0    00000040     ti_msp_dl_config.o (.text.SYSCFG_DL_init)
                  00004300    00000040     libclang_rt.builtins.a : aeabi_uidivmod.S.obj (.text.__aeabi_uidivmod)
                  00004340    00000040     libc.a : atoi.c.obj (.text.atoi)
                  00004380    00000040            : vsnprintf.c.obj (.text.vsnprintf)
                  000043c0    0000003c     ti_msp_dl_config.o (.text.SYSCFG_DL_SYSCTL_init)
                  000043fc    0000003c     libclang_rt.builtins.a : floatsisf.S.obj (.text.__floatsisf)
                  00004438    0000003c                            : comparesf2.S.obj (.text.__gtsf2)
                  00004474    0000003c     libc.a : autoinit.c.obj (.text:__TI_auto_init_nobinit_nopinit)
                  000044b0    0000003a     libclang_rt.builtins.a : comparesf2.S.obj (.text.__eqsf2)
                  000044ea    00000002     --HOLE-- [fill = 0]
                  000044ec    0000003a                            : muldsi3.S.obj (.text.__muldsi3)
                  00004526    00000002     --HOLE-- [fill = 0]
                  00004528    00000038     common.o (.text.Delay_ms)
                  00004560    00000038     ti_msp_dl_config.o (.text.SYSCFG_DL_TIMER_1_init)
                  00004598    00000038     ti_msp_dl_config.o (.text.SYSCFG_DL_TIMER_2_init)
                  000045d0    00000038     uart.o (.text.UART_Interrupt_Init)
                  00004608    00000038     libclang_rt.builtins.a : fixsfsi.S.obj (.text.__fixsfsi)
                  00004640    00000038     libc.a : rand.c.obj (.text.rand)
                  00004678    00000034     motor.o (.text.TIMG6_IRQHandler)
                  000046ac    00000030     driverlib.a : dl_uart.o (.text.DL_UART_transmitDataBlocking)
                  000046dc    00000030     ti_msp_dl_config.o (.text.SYSCFG_DL_SYSTICK_init)
                  0000470c    00000030     libc.a : _printfi.c.obj (.text._fcpy)
                  0000473c    00000030            : vsnprintf.c.obj (.text._outs)
                  0000476c    0000002c     motor.o (.text.TIMG12_IRQHandler)
                  00004798    0000002c     libclang_rt.builtins.a : floatsidf.S.obj (.text.__floatsidf)
                  000047c4    00000028     motor.o (.text.Motor_SetDirection)
                  000047ec    00000028     pid_control.o (.text.PID_Handle_SW1_StateTransform)
                  00004814    00000028     uart.o (.text.UART0_IRQHandler)
                  0000483c    00000028     uart.o (.text.UART1_IRQHandler)
                  00004864    00000028     libc.a : boot_cortex_m.c.obj (.text:_c_int00_noargs)
                  0000488c    00000024     libclang_rt.builtins.a : floatunsidf.S.obj (.text.__floatunsidf)
                  000048b0    00000024                            : muldi3.S.obj (.text.__muldi3)
                  000048d4    00000022     libc.a : memccpy.c.obj (.text.memccpy)
                  000048f6    00000002     --HOLE-- [fill = 0]
                  000048f8    0000001e     libclang_rt.builtins.a : ashldi3.S.obj (.text.__ashldi3)
                  00004916    00000002     --HOLE-- [fill = 0]
                  00004918    0000001c     driverlib.a : dl_timer.o (.text.DL_Timer_setClockConfig)
                  00004934    0000001c     LcdUI.o (.text.lcd_ui_init)
                  00004950    00000018     pid_control.o (.text.PID_Handle_SW4_Stop)
                  00004968    00000018     libc.a : vsnprintf.c.obj (.text._outc)
                  00004980    00000016            : copy_zero_init.c.obj (.text:decompress:ZI:__TI_zero_init_nomemset)
                  00004996    00000002     --HOLE-- [fill = 0]
                  00004998    00000014     motor.o (.text.Motor_IsRunning)
                  000049ac    00000014     motor.o (.text.Motor_Timer_Init)
                  000049c0    00000014     common.o (.text.SysTick_Handler)
                  000049d4    00000014     libclang_rt.builtins.a : aeabi_uldivmod.S.obj (.text.__aeabi_uldivmod)
                  000049e8    00000014     libc.a : _printfi.c.obj (.text.strchr)
                  000049fc    00000014     ST7735.o (.text.tft180_set_color)
                  00004a10    00000012     driverlib.a : dl_spi.o (.text.DL_SPI_setClockConfig)
                  00004a22    00000012                 : dl_uart.o (.text.DL_UART_setClockConfig)
                  00004a34    00000012     libc.a : copy_decompress_none.c.obj (.text:decompress:none)
                  00004a46    00000010            : wcslen.c.obj (.text.wcslen)
                  00004a56    00000002     --HOLE-- [fill = 0]
                  00004a58    0000000e     libclang_rt.builtins.a : aeabi_memset.S.obj (.text.__aeabi_memset)
                  00004a66    0000000e     libc.a : _printfi.c.obj (.text.strlen)
                  00004a74    0000000a     driverlib.a : dl_common.o (.text.DL_Common_delayCycles)
                  00004a7e    0000000a     libc.a : _printfi.c.obj (.text.OUTLINED_FUNCTION_0)
                  00004a88    00000010     libclang_rt.builtins.a : adddf3.S.obj (.tramp.__aeabi_dsub.1)
                  00004a98    0000000a     libc.a : _printfi.c.obj (.text.OUTLINED_FUNCTION_1)
                  00004aa2    00000002     --HOLE-- [fill = 0]
                  00004aa4    00000008            : aeabi_portable.c.obj (.text.__aeabi_errno_addr)
                  00004aac    00000008     libclang_rt.builtins.a : aeabi_memcpy.S.obj (.text.__aeabi_memcpy)
                  00004ab4    00000006     libc.a : exit.c.obj (.text:abort)
                  00004aba    00000004     libsysbm.a : hostexit.c.obj (.text.HOSTexit)
                  00004abe    00000004     startup_mspm0g350x_ticlang.o (.text.Reset_Handler)
                  00004ac2    00000004     libc.a : pre_init.c.obj (.text._system_pre_init)
                  00004ac6    00000002     --HOLE-- [fill = 0]

.cinit     0    00005520    000000a0     
                  00005520    00000079     (.cinit..data.load) [load image, compression = lzss]
                  00005599    00000003     --HOLE-- [fill = 0]
                  0000559c    0000000c     (__TI_handler_table)
                  000055a8    00000008     (.cinit..bss.load) [load image, compression = zero_init]
                  000055b0    00000010     (__TI_cinit_table)

.rodata    0    00004ad0    00000a50     
                  00004ad0    000005f0     font.o (.rodata.ascii_font_8x16)
                  000050c0    00000228     font.o (.rodata.ascii_font_6x8)
                  000052e8    00000003     ti_msp_dl_config.o (.rodata.gTIMER_1ClockConfig)
                  000052eb    00000003     ti_msp_dl_config.o (.rodata.gTIMER_2ClockConfig)
                  000052ee    00000002     ti_msp_dl_config.o (.rodata.gST7735_SPI_clockConfig)
                  000052f0    00000101     libc.a : aeabi_ctype.S.obj (.rodata:__aeabi_ctype_table_)
                  000053f1    0000001b     empty.o (.rodata.str1.9517790425240694019.1)
                  0000540c    00000014     ti_msp_dl_config.o (.rodata.gTIMER_1TimerConfig)
                  00005420    00000014     ti_msp_dl_config.o (.rodata.gTIMER_2TimerConfig)
                  00005434    00000013     empty.o (.rodata.str1.17686411042290499047.1)
                  00005447    00000013     empty.o (.rodata.str1.9410084661655729462.1)
                  0000545a    00000011     libc.a : _printfi.c.obj (.rodata.str1.10348868589481759720.1)
                  0000546b    00000011     empty.o (.rodata.str1.14685083708502177989.1)
                  0000547c    00000011     libc.a : _printfi.c.obj (.rodata.str1.15363888844622738466.1)
                  0000548d    00000011     empty.o (.rodata.str1.254342170260855183.1)
                  0000549e    00000010     empty.o (.rodata.str1.2196762768037919588.1)
                  000054ae    0000000e     empty.o (.rodata.str1.150872071346279890.1)
                  000054bc    0000000d     empty.o (.rodata.str1.15706828512682300538.1)
                  000054c9    00000002     ti_msp_dl_config.o (.rodata.gUART_0ClockConfig)
                  000054cb    00000001     --HOLE-- [fill = 0]
                  000054cc    0000000c     empty.o (.rodata..L__const.main.state_str)
                  000054d8    0000000a     ti_msp_dl_config.o (.rodata.gST7735_SPI_config)
                  000054e2    0000000a     ti_msp_dl_config.o (.rodata.gUART_0Config)
                  000054ec    0000000a     ti_msp_dl_config.o (.rodata.gUART_1Config)
                  000054f6    0000000a     empty.o (.rodata.str1.11898133897667081452.1)
                  00005500    0000000a     empty.o (.rodata.str1.17669528882079347314.1)
                  0000550a    0000000a     empty.o (.rodata.str1.7401042497206923953.1)
                  00005514    00000009     empty.o (.rodata.str1.16704889451495720520.1)
                  0000551d    00000002     ti_msp_dl_config.o (.rodata.gUART_1ClockConfig)
                  0000551f    00000001     --HOLE-- [fill = 0]

.init_array 
*          0    00000000    00000000     UNINITIALIZED

.binit     0    00000000    00000000     

.bss       0    20200000    0000015e     UNINITIALIZED
                  20200000    000000a0     (.common:gTIMER_2Backup)
                  202000a0    00000078     (.common:g_ctrl)
                  20200118    00000028     (.common:gST7735_SPIBackup)
                  20200140    00000008     (.common:g_uart0_packet)
                  20200148    00000008     (.common:g_uart1_packet)
                  20200150    00000007     uart.o (.bss.g_uart0_temp_buf)
                  20200157    00000007     uart.o (.bss.g_uart1_temp_buf)

.data      0    20200160    00000117     UNINITIALIZED
                  20200160    000000c8     motor.o (.data.motors)
                  20200228    00000018     pid_control.o (.data.g_target_list)
                  20200240    00000004     libc.a : aeabi_portable.c.obj (.data.__aeabi_errno)
                  20200244    00000004            : _lock.c.obj (.data._lock)
                  20200248    00000004            : _lock.c.obj (.data._unlock)
                  2020024c    00000004     common.o (.data.delay_times)
                  20200250    00000004     pid_control.o (.data.g_quota_total_x)
                  20200254    00000004     pid_control.o (.data.g_quota_total_y)
                  20200258    00000004     pid_control.o (.data.g_step_count_x)
                  2020025c    00000004     pid_control.o (.data.g_step_count_y)
                  20200260    00000004     empty.o (.data.main.display_cnt)
                  20200264    00000004     libc.a : rand.c.obj (.data.next)
                  20200268    00000004     empty.o (.data.uart_rx_timeout)
                  2020026c    00000002     ST7735.o (.data.tft180_bgcolor)
                  2020026e    00000002     ST7735.o (.data.tft180_pencolor)
                  20200270    00000001     pid_control.o (.data.g_calib_select_idx)
                  20200271    00000001     pid_control.o (.data.g_quota_limit_enable)
                  20200272    00000001     uart.o (.data.g_uart0_index)
                  20200273    00000001     uart.o (.data.g_uart0_rx_complete)
                  20200274    00000001     uart.o (.data.g_uart1_index)
                  20200275    00000001     uart.o (.data.g_uart1_rx_complete)
                  20200276    00000001     ST7735.o (.data.tft180_display_font)

.stack     0    20207e00    00000200     UNINITIALIZED
                  20207e00    00000004     libc.a : boot_cortex_m.c.obj (.stack)
                  20207e04    000001fc     --HOLE--

__llvm_prf_cnts 
*          0    20200000    00000000     UNINITIALIZED

__llvm_prf_bits 
*          0    20200000    00000000     UNINITIALIZED

MODULE SUMMARY

       Module                         code    ro data   rw data
       ------                         ----    -------   -------
    .\
       pid_control.o                  1408    0         162    
       ti_msp_dl_config.o             888     82        200    
       motor.o                        740     0         200    
       empty.o                        688     193       8      
       uart.o                         584     0         34     
       startup_mspm0g350x_ticlang.o   6       192       0      
    +--+------------------------------+-------+---------+---------+
       Total:                         4314    467       604    
                                                               
    .\Drivers\
       ST7735.o                       5332    0         5      
       font.o                         0       2072      0      
       common.o                       76      0         4      
       LcdUI.o                        28      0         0      
    +--+------------------------------+-------+---------+---------+
       Total:                         5436    2072      9      
                                                               
    C:/TI/mspm0_sdk_2_10_00_04/source/ti/driverlib/lib/ticlang/m0p/mspm0g1x0x_g3x0x/driverlib.a
       dl_timer.o                     280     0         0      
       dl_uart.o                      138     0         0      
       dl_spi.o                       86      0         0      
       dl_common.o                    10      0         0      
    +--+------------------------------+-------+---------+---------+
       Total:                         514     0         0      
                                                               
    D:\ti\ccs2050\ccs\tools\compiler\ti-cgt-armllvm_4.0.4.LTS\lib\armv6m-ti-none-eabi/c/libc.a
       _printfi.c.obj                 4510    34        0      
       aeabi_ctype.S.obj              0       257       0      
       s_scalbn.c.obj                 216     0         0      
       e_sqrtf.c.obj                  160     0         0      
       memcpy16.S.obj                 154     0         0      
       vsnprintf.c.obj                136     0         0      
       copy_decompress_lzss.c.obj     124     0         0      
       memset16.S.obj                 98      0         0      
       s_frexp.c.obj                  92      0         0      
       _ltoa.c.obj                    88      0         0      
       atoi.c.obj                     64      0         0      
       autoinit.c.obj                 60      0         0      
       rand.c.obj                     56      0         4      
       boot_cortex_m.c.obj            40      0         0      
       memccpy.c.obj                  34      0         0      
       copy_zero_init.c.obj           22      0         0      
       copy_decompress_none.c.obj     18      0         0      
       wcslen.c.obj                   16      0         0      
       aeabi_portable.c.obj           8       0         4      
       _lock.c.obj                    2       0         8      
       exit.c.obj                     6       0         0      
       pre_init.c.obj                 4       0         0      
    +--+------------------------------+-------+---------+---------+
       Total:                         5908    291       16     
                                                               
    D:\ti\ccs2050\ccs\tools\compiler\ti-cgt-armllvm_4.0.4.LTS\lib\armv6m-ti-none-eabi/c/libsysbm.a
       hostexit.c.obj                 4       0         0      
    +--+------------------------------+-------+---------+---------+
       Total:                         4       0         0      
                                                               
    D:\ti\ccs2050\ccs\tools\compiler\ti-cgt-armllvm_4.0.4.LTS\lib\armv6m-ti-none-eabi/libclang_rt.builtins.a
       adddf3.S.obj                   418     0         0      
       divdf3.S.obj                   268     0         0      
       muldf3.S.obj                   228     0         0      
       comparedf2.c.obj               220     0         0      
       addsf3.S.obj                   216     0         0      
       udivmoddi4.S.obj               162     0         0      
       mulsf3.S.obj                   140     0         0      
       divsf3.S.obj                   130     0         0      
       comparesf2.S.obj               118     0         0      
       aeabi_dcmp.S.obj               98      0         0      
       aeabi_fcmp.S.obj               98      0         0      
       aeabi_idivmod.S.obj            86      0         0      
       fixdfsi.S.obj                  74      0         0      
       fixunsdfsi.S.obj               66      0         0      
       aeabi_uidivmod.S.obj           64      0         0      
       floatsisf.S.obj                60      0         0      
       muldsi3.S.obj                  58      0         0      
       fixsfsi.S.obj                  56      0         0      
       floatsidf.S.obj                44      0         0      
       floatunsidf.S.obj              36      0         0      
       muldi3.S.obj                   36      0         0      
       ashldi3.S.obj                  30      0         0      
       aeabi_uldivmod.S.obj           20      0         0      
       aeabi_memset.S.obj             14      0         0      
       aeabi_memcpy.S.obj             8       0         0      
       aeabi_div0.c.obj               4       0         0      
    +--+------------------------------+-------+---------+---------+
       Total:                         2752    0         0      
                                                               
       Stack:                         0       0         512    
       Linker Generated:              0       157       0      
    +--+------------------------------+-------+---------+---------+
       Grand Total:                   18928   2987      1141   


LINKER GENERATED COPY TABLES

__TI_cinit_table @ 000055b0 records: 2, size/record: 8, table size: 16
	.data: load addr=00005520, load size=00000079 bytes, run addr=20200160, run size=00000117 bytes, compression=lzss
	.bss: load addr=000055a8, load size=00000008 bytes, run addr=20200000, run size=0000015e bytes, compression=zero_init


LINKER GENERATED HANDLER TABLE

__TI_handler_table @ 0000559c records: 3, size/record: 4, table size: 12
	index: 0, handler: __TI_decompress_lzss
	index: 1, handler: __TI_decompress_none
	index: 2, handler: __TI_zero_init


FAR CALL TRAMPOLINES

callee name               trampoline name
   callee addr  tramp addr   call addr  call info
--------------  -----------  ---------  ----------------
__aeabi_dsub              $Tramp$TT$L$PI$$__aeabi_dsub
   0000288d     00004a88     00004a86   libc.a : _printfi.c.obj (.text.OUTLINED_FUNCTION_0)

[1 trampolines]
[1 trampoline calls]


GLOBAL SYMBOLS: SORTED ALPHABETICALLY BY Name 

address   name                          
-------   ----                          
00002a1f  ADC0_IRQHandler               
00002a1f  ADC1_IRQHandler               
00002a1f  AES_IRQHandler                
00004aba  C$$EXIT                       
00002a1f  CANFD0_IRQHandler             
00002a1f  DAC0_IRQHandler               
00004a75  DL_Common_delayCycles         
00004239  DL_SPI_init                   
00004a11  DL_SPI_setClockConfig         
00003019  DL_Timer_initTimerMode        
00004919  DL_Timer_setClockConfig       
000041f1  DL_UART_init                  
00004a23  DL_UART_setClockConfig        
000046ad  DL_UART_transmitDataBlocking  
00002a1f  DMA_IRQHandler                
00002a1f  Default_Handler               
00004529  Delay_ms                      
00002a1f  GROUP0_IRQHandler             
00002a1f  GROUP1_IRQHandler             
00004abb  HOSTexit                      
00002a1f  HardFault_Handler             
00002a1f  I2C0_IRQHandler               
00002a1f  I2C1_IRQHandler               
00003c19  Motor_ChangeSubdivision       
00003abd  Motor_Init                    
00004999  Motor_IsRunning               
000033a9  Motor_OnTimerInterrupt        
000047c5  Motor_SetDirection            
00003835  Motor_Step                    
000049ad  Motor_Timer_Init              
00002a1f  NMI_Handler                   
000047ed  PID_Handle_SW1_StateTransform 
00004951  PID_Handle_SW4_Stop           
00003d55  PID_Init                      
000018fd  PID_Update                    
00002a1f  PendSV_Handler                
00002a1f  RTC_IRQHandler                
00004abf  Reset_Handler                 
00002a1f  SPI0_IRQHandler               
00002a1f  SPI1_IRQHandler               
00002a1f  SVC_Handler                   
00003471  SYSCFG_DL_GPIO_init           
00004159  SYSCFG_DL_ST7735_SPI_init     
000043c1  SYSCFG_DL_SYSCTL_init         
000046dd  SYSCFG_DL_SYSTICK_init        
00004561  SYSCFG_DL_TIMER_1_init        
00004599  SYSCFG_DL_TIMER_2_init        
00003ba9  SYSCFG_DL_UART_0_init         
000039c5  SYSCFG_DL_UART_1_init         
000042c1  SYSCFG_DL_init                
00003f45  SYSCFG_DL_initPower           
000049c1  SysTick_Handler               
00002a1f  TIMA0_IRQHandler              
00002a1f  TIMA1_IRQHandler              
00002a1f  TIMG0_IRQHandler              
0000476d  TIMG12_IRQHandler             
00004679  TIMG6_IRQHandler              
00002a1f  TIMG7_IRQHandler              
00002a1f  TIMG8_IRQHandler              
00004815  UART0_IRQHandler              
0000483d  UART1_IRQHandler              
00002a1f  UART2_IRQHandler              
00002a1f  UART3_IRQHandler              
000045d1  UART_Interrupt_Init           
00003713  UART_Printf                   
00002cc1  UART_Process_Byte             
20208000  __STACK_END                   
00000200  __STACK_SIZE                  
00000000  __TI_ATRegion0_region_sz      
00000000  __TI_ATRegion0_src_addr       
00000000  __TI_ATRegion0_trg_addr       
00000000  __TI_ATRegion1_region_sz      
00000000  __TI_ATRegion1_src_addr       
00000000  __TI_ATRegion1_trg_addr       
00000000  __TI_ATRegion2_region_sz      
00000000  __TI_ATRegion2_src_addr       
00000000  __TI_ATRegion2_trg_addr       
000055b0  __TI_CINIT_Base               
000055c0  __TI_CINIT_Limit              
000055c0  __TI_CINIT_Warm               
0000559c  __TI_Handler_Table_Base       
000055a8  __TI_Handler_Table_Limit      
00004475  __TI_auto_init_nobinit_nopinit
00003a41  __TI_decompress_lzss          
00004a35  __TI_decompress_none          
00004001  __TI_ltoa                     
ffffffff  __TI_pprof_out_hndl           
00000f2d  __TI_printfi                  
ffffffff  __TI_prof_data_size           
ffffffff  __TI_prof_data_start          
00000000  __TI_static_base__            
00004981  __TI_zero_init_nomemset       
00002897  __adddf3                      
000032db  __addsf3                      
000052f0  __aeabi_ctype_table_          
000052f0  __aeabi_ctype_table_C         
000041a5  __aeabi_d2iz                  
0000427d  __aeabi_d2uiz                 
00002897  __aeabi_dadd                  
00003e1d  __aeabi_dcmpeq                
00003e59  __aeabi_dcmpge                
00003e6d  __aeabi_dcmpgt                
00003e45  __aeabi_dcmple                
00003e31  __aeabi_dcmplt                
00002f0d  __aeabi_ddiv                  
00003115  __aeabi_dmul                  
0000288d  __aeabi_dsub                  
20200240  __aeabi_errno                 
00004aa5  __aeabi_errno_addr            
00004609  __aeabi_f2iz                  
000032db  __aeabi_fadd                  
00003e81  __aeabi_fcmpeq                
00003ebd  __aeabi_fcmpge                
00003ed1  __aeabi_fcmpgt                
00003ea9  __aeabi_fcmple                
00003e95  __aeabi_fcmplt                
00003941  __aeabi_fdiv                  
000037a9  __aeabi_fmul                  
000032d1  __aeabi_fsub                  
00004799  __aeabi_i2d                   
000043fd  __aeabi_i2f                   
000040b1  __aeabi_idiv                  
000035d7  __aeabi_idiv0                 
000040b1  __aeabi_idivmod               
000037a7  __aeabi_ldiv0                 
000048f9  __aeabi_llsl                  
000048b1  __aeabi_lmul                  
00004aad  __aeabi_memcpy                
00004aad  __aeabi_memcpy4               
00004aad  __aeabi_memcpy8               
00004a59  __aeabi_memset                
00004a59  __aeabi_memset4               
00004a59  __aeabi_memset8               
0000488d  __aeabi_ui2d                  
00004301  __aeabi_uidiv                 
00004301  __aeabi_uidivmod              
000049d5  __aeabi_uldivmod              
000048f9  __ashldi3                     
ffffffff  __binit__                     
00003c85  __cmpdf2                      
000044b1  __cmpsf2                      
00002f0d  __divdf3                      
00003941  __divsf3                      
00003c85  __eqdf2                       
000044b1  __eqsf2                       
000041a5  __fixdfsi                     
00004609  __fixsfsi                     
0000427d  __fixunsdfsi                  
00004799  __floatsidf                   
000043fd  __floatsisf                   
0000488d  __floatunsidf                 
00003b35  __gedf2                       
00004439  __gesf2                       
00003b35  __gtdf2                       
00004439  __gtsf2                       
00003c85  __ledf2                       
000044b1  __lesf2                       
00003c85  __ltdf2                       
000044b1  __ltsf2                       
UNDEFED   __mpu_init                    
00003115  __muldf3                      
000048b1  __muldi3                      
000044ed  __muldsi3                     
000037a9  __mulsf3                      
00003c85  __nedf2                       
000044b1  __nesf2                       
20207e00  __stack                       
20200000  __start___llvm_prf_bits       
20200000  __start___llvm_prf_cnts       
20200000  __stop___llvm_prf_bits        
20200000  __stop___llvm_prf_cnts        
0000288d  __subdf3                      
000032d1  __subsf3                      
00003535  __udivmoddi4                  
00004865  _c_int00_noargs               
20200244  _lock                         
000039c3  _nop                          
UNDEFED   _system_post_cinit            
00004ac3  _system_pre_init              
20200248  _unlock                       
00004ab5  abort                         
000050c0  ascii_font_6x8                
00004ad0  ascii_font_8x16               
00004341  atoi                          
ffffffff  binit                         
2020024c  delay_times                   
00003fa5  frexp                         
00003fa5  frexpl                        
20200118  gST7735_SPIBackup             
20200000  gTIMER_2Backup                
20200270  g_calib_select_idx            
202000a0  g_ctrl                        
20200271  g_quota_limit_enable          
20200250  g_quota_total_x               
20200254  g_quota_total_y               
20200258  g_step_count_x                
2020025c  g_step_count_y                
20200228  g_target_list                 
20200140  g_uart0_packet                
20200273  g_uart0_rx_complete           
20200148  g_uart1_packet                
20200275  g_uart1_rx_complete           
00000000  interruptVectors              
00004935  lcd_ui_init                   
000031f9  ldexp                         
000031f9  ldexpl                        
000020a1  main                          
000048d5  memccpy                       
00003679  memcpy                        
00003ee3  memset                        
00004641  rand                          
000031f9  scalbn                        
000031f9  scalbnl                       
000035d9  sqrtf                         
00002a21  tft180_clear                  
20200276  tft180_display_font           
000000c1  tft180_init                   
00003db9  tft180_printf                 
000049fd  tft180_set_color              
00001dd9  tft180_show_char              
20200268  uart_rx_timeout               
00004381  vsnprintf                     
00004a47  wcslen                        


GLOBAL SYMBOLS: SORTED BY Symbol Address 

address   name                          
-------   ----                          
00000000  __TI_ATRegion0_region_sz      
00000000  __TI_ATRegion0_src_addr       
00000000  __TI_ATRegion0_trg_addr       
00000000  __TI_ATRegion1_region_sz      
00000000  __TI_ATRegion1_src_addr       
00000000  __TI_ATRegion1_trg_addr       
00000000  __TI_ATRegion2_region_sz      
00000000  __TI_ATRegion2_src_addr       
00000000  __TI_ATRegion2_trg_addr       
00000000  __TI_static_base__            
00000000  interruptVectors              
000000c1  tft180_init                   
00000200  __STACK_SIZE                  
00000f2d  __TI_printfi                  
000018fd  PID_Update                    
00001dd9  tft180_show_char              
000020a1  main                          
0000288d  __aeabi_dsub                  
0000288d  __subdf3                      
00002897  __adddf3                      
00002897  __aeabi_dadd                  
00002a1f  ADC0_IRQHandler               
00002a1f  ADC1_IRQHandler               
00002a1f  AES_IRQHandler                
00002a1f  CANFD0_IRQHandler             
00002a1f  DAC0_IRQHandler               
00002a1f  DMA_IRQHandler                
00002a1f  Default_Handler               
00002a1f  GROUP0_IRQHandler             
00002a1f  GROUP1_IRQHandler             
00002a1f  HardFault_Handler             
00002a1f  I2C0_IRQHandler               
00002a1f  I2C1_IRQHandler               
00002a1f  NMI_Handler                   
00002a1f  PendSV_Handler                
00002a1f  RTC_IRQHandler                
00002a1f  SPI0_IRQHandler               
00002a1f  SPI1_IRQHandler               
00002a1f  SVC_Handler                   
00002a1f  TIMA0_IRQHandler              
00002a1f  TIMA1_IRQHandler              
00002a1f  TIMG0_IRQHandler              
00002a1f  TIMG7_IRQHandler              
00002a1f  TIMG8_IRQHandler              
00002a1f  UART2_IRQHandler              
00002a1f  UART3_IRQHandler              
00002a21  tft180_clear                  
00002cc1  UART_Process_Byte             
00002f0d  __aeabi_ddiv                  
00002f0d  __divdf3                      
00003019  DL_Timer_initTimerMode        
00003115  __aeabi_dmul                  
00003115  __muldf3                      
000031f9  ldexp                         
000031f9  ldexpl                        
000031f9  scalbn                        
000031f9  scalbnl                       
000032d1  __aeabi_fsub                  
000032d1  __subsf3                      
000032db  __addsf3                      
000032db  __aeabi_fadd                  
000033a9  Motor_OnTimerInterrupt        
00003471  SYSCFG_DL_GPIO_init           
00003535  __udivmoddi4                  
000035d7  __aeabi_idiv0                 
000035d9  sqrtf                         
00003679  memcpy                        
00003713  UART_Printf                   
000037a7  __aeabi_ldiv0                 
000037a9  __aeabi_fmul                  
000037a9  __mulsf3                      
00003835  Motor_Step                    
00003941  __aeabi_fdiv                  
00003941  __divsf3                      
000039c3  _nop                          
000039c5  SYSCFG_DL_UART_1_init         
00003a41  __TI_decompress_lzss          
00003abd  Motor_Init                    
00003b35  __gedf2                       
00003b35  __gtdf2                       
00003ba9  SYSCFG_DL_UART_0_init         
00003c19  Motor_ChangeSubdivision       
00003c85  __cmpdf2                      
00003c85  __eqdf2                       
00003c85  __ledf2                       
00003c85  __ltdf2                       
00003c85  __nedf2                       
00003d55  PID_Init                      
00003db9  tft180_printf                 
00003e1d  __aeabi_dcmpeq                
00003e31  __aeabi_dcmplt                
00003e45  __aeabi_dcmple                
00003e59  __aeabi_dcmpge                
00003e6d  __aeabi_dcmpgt                
00003e81  __aeabi_fcmpeq                
00003e95  __aeabi_fcmplt                
00003ea9  __aeabi_fcmple                
00003ebd  __aeabi_fcmpge                
00003ed1  __aeabi_fcmpgt                
00003ee3  memset                        
00003f45  SYSCFG_DL_initPower           
00003fa5  frexp                         
00003fa5  frexpl                        
00004001  __TI_ltoa                     
000040b1  __aeabi_idiv                  
000040b1  __aeabi_idivmod               
00004159  SYSCFG_DL_ST7735_SPI_init     
000041a5  __aeabi_d2iz                  
000041a5  __fixdfsi                     
000041f1  DL_UART_init                  
00004239  DL_SPI_init                   
0000427d  __aeabi_d2uiz                 
0000427d  __fixunsdfsi                  
000042c1  SYSCFG_DL_init                
00004301  __aeabi_uidiv                 
00004301  __aeabi_uidivmod              
00004341  atoi                          
00004381  vsnprintf                     
000043c1  SYSCFG_DL_SYSCTL_init         
000043fd  __aeabi_i2f                   
000043fd  __floatsisf                   
00004439  __gesf2                       
00004439  __gtsf2                       
00004475  __TI_auto_init_nobinit_nopinit
000044b1  __cmpsf2                      
000044b1  __eqsf2                       
000044b1  __lesf2                       
000044b1  __ltsf2                       
000044b1  __nesf2                       
000044ed  __muldsi3                     
00004529  Delay_ms                      
00004561  SYSCFG_DL_TIMER_1_init        
00004599  SYSCFG_DL_TIMER_2_init        
000045d1  UART_Interrupt_Init           
00004609  __aeabi_f2iz                  
00004609  __fixsfsi                     
00004641  rand                          
00004679  TIMG6_IRQHandler              
000046ad  DL_UART_transmitDataBlocking  
000046dd  SYSCFG_DL_SYSTICK_init        
0000476d  TIMG12_IRQHandler             
00004799  __aeabi_i2d                   
00004799  __floatsidf                   
000047c5  Motor_SetDirection            
000047ed  PID_Handle_SW1_StateTransform 
00004815  UART0_IRQHandler              
0000483d  UART1_IRQHandler              
00004865  _c_int00_noargs               
0000488d  __aeabi_ui2d                  
0000488d  __floatunsidf                 
000048b1  __aeabi_lmul                  
000048b1  __muldi3                      
000048d5  memccpy                       
000048f9  __aeabi_llsl                  
000048f9  __ashldi3                     
00004919  DL_Timer_setClockConfig       
00004935  lcd_ui_init                   
00004951  PID_Handle_SW4_Stop           
00004981  __TI_zero_init_nomemset       
00004999  Motor_IsRunning               
000049ad  Motor_Timer_Init              
000049c1  SysTick_Handler               
000049d5  __aeabi_uldivmod              
000049fd  tft180_set_color              
00004a11  DL_SPI_setClockConfig         
00004a23  DL_UART_setClockConfig        
00004a35  __TI_decompress_none          
00004a47  wcslen                        
00004a59  __aeabi_memset                
00004a59  __aeabi_memset4               
00004a59  __aeabi_memset8               
00004a75  DL_Common_delayCycles         
00004aa5  __aeabi_errno_addr            
00004aad  __aeabi_memcpy                
00004aad  __aeabi_memcpy4               
00004aad  __aeabi_memcpy8               
00004ab5  abort                         
00004aba  C$$EXIT                       
00004abb  HOSTexit                      
00004abf  Reset_Handler                 
00004ac3  _system_pre_init              
00004ad0  ascii_font_8x16               
000050c0  ascii_font_6x8                
000052f0  __aeabi_ctype_table_          
000052f0  __aeabi_ctype_table_C         
0000559c  __TI_Handler_Table_Base       
000055a8  __TI_Handler_Table_Limit      
000055b0  __TI_CINIT_Base               
000055c0  __TI_CINIT_Limit              
000055c0  __TI_CINIT_Warm               
20200000  __start___llvm_prf_bits       
20200000  __start___llvm_prf_cnts       
20200000  __stop___llvm_prf_bits        
20200000  __stop___llvm_prf_cnts        
20200000  gTIMER_2Backup                
202000a0  g_ctrl                        
20200118  gST7735_SPIBackup             
20200140  g_uart0_packet                
20200148  g_uart1_packet                
20200228  g_target_list                 
20200240  __aeabi_errno                 
20200244  _lock                         
20200248  _unlock                       
2020024c  delay_times                   
20200250  g_quota_total_x               
20200254  g_quota_total_y               
20200258  g_step_count_x                
2020025c  g_step_count_y                
20200268  uart_rx_timeout               
20200270  g_calib_select_idx            
20200271  g_quota_limit_enable          
20200273  g_uart0_rx_complete           
20200275  g_uart1_rx_complete           
20200276  tft180_display_font           
20207e00  __stack                       
20208000  __STACK_END                   
ffffffff  __TI_pprof_out_hndl           
ffffffff  __TI_prof_data_size           
ffffffff  __TI_prof_data_start          
ffffffff  __binit__                     
ffffffff  binit                         
UNDEFED   __mpu_init                    
UNDEFED   _system_post_cinit            

[223 symbols]
