<?xml version="1.0" encoding="ISO-8859-1" ?>
<link_info>
   <banner>TI ARM Clang Linker PC v4.0.4.LTS</banner>
   <copyright>Copyright (c) 1996-2018 Texas Instruments Incorporated</copyright>
   <command_line>D:\ti\ccs2050\ccs\tools\compiler\ti-cgt-armllvm_4.0.4.LTS\bin\tiarmlnk -ID:\ti\ccs2050\ccs\tools\compiler\ti-cgt-armllvm_4.0.4.LTS\lib -o emptyred.out -memptyred.map -iC:/TI/mspm0_sdk_2_10_00_04/source -iC:/Users/39347/workspace_ccstheia/emptyred -iC:/Users/39347/workspace_ccstheia/emptyred/Debug/syscfg -iD:/ti/ccs2050/ccs/tools/compiler/ti-cgt-armllvm_4.0.4.LTS/lib --diag_wrap=off --display_error_number --warn_sections --xml_link_info=emptyred_linkInfo.xml --rom_model ./delay.o ./empty.o ./ti_msp_dl_config.o ./startup_mspm0g350x_ticlang.o ./motor.o ./pid_control.o ./uart.o ./Drivers/LcdUI.o ./Drivers/ST7735.o ./Drivers/common.o ./Drivers/font.o -l./device_linker.cmd -ldevice.cmd.genlibs -llibc.a --start-group -llibc++.a -llibc++abi.a -llibc.a -llibsys.a -llibsysbm.a -llibclang_rt.builtins.a -llibclang_rt.profile.a --end-group --cg_opt_level=2</command_line>
   <link_time>0x6a06ee78</link_time>
   <link_errors>0x0</link_errors>
   <output_file>C:\Users\39347\workspace_ccstheia\emptyred\Debug\emptyred.out</output_file>
   <entry_point>
      <name>_c_int00_noargs</name>
      <address>0x5261</address>
   </entry_point>
   <input_file_list>
      <input_file id="fl-1">
         <path>C:\Users\39347\workspace_ccstheia\emptyred\Debug\.\</path>
         <kind>object</kind>
         <file>delay.o</file>
         <name>delay.o</name>
      </input_file>
      <input_file id="fl-2">
         <path>C:\Users\39347\workspace_ccstheia\emptyred\Debug\.\</path>
         <kind>object</kind>
         <file>empty.o</file>
         <name>empty.o</name>
      </input_file>
      <input_file id="fl-3">
         <path>C:\Users\39347\workspace_ccstheia\emptyred\Debug\.\</path>
         <kind>object</kind>
         <file>ti_msp_dl_config.o</file>
         <name>ti_msp_dl_config.o</name>
      </input_file>
      <input_file id="fl-4">
         <path>C:\Users\39347\workspace_ccstheia\emptyred\Debug\.\</path>
         <kind>object</kind>
         <file>startup_mspm0g350x_ticlang.o</file>
         <name>startup_mspm0g350x_ticlang.o</name>
      </input_file>
      <input_file id="fl-5">
         <path>C:\Users\39347\workspace_ccstheia\emptyred\Debug\.\</path>
         <kind>object</kind>
         <file>motor.o</file>
         <name>motor.o</name>
      </input_file>
      <input_file id="fl-6">
         <path>C:\Users\39347\workspace_ccstheia\emptyred\Debug\.\</path>
         <kind>object</kind>
         <file>pid_control.o</file>
         <name>pid_control.o</name>
      </input_file>
      <input_file id="fl-7">
         <path>C:\Users\39347\workspace_ccstheia\emptyred\Debug\.\</path>
         <kind>object</kind>
         <file>uart.o</file>
         <name>uart.o</name>
      </input_file>
      <input_file id="fl-8">
         <path>C:\Users\39347\workspace_ccstheia\emptyred\Debug\.\Drivers\</path>
         <kind>object</kind>
         <file>LcdUI.o</file>
         <name>LcdUI.o</name>
      </input_file>
      <input_file id="fl-9">
         <path>C:\Users\39347\workspace_ccstheia\emptyred\Debug\.\Drivers\</path>
         <kind>object</kind>
         <file>ST7735.o</file>
         <name>ST7735.o</name>
      </input_file>
      <input_file id="fl-a">
         <path>C:\Users\39347\workspace_ccstheia\emptyred\Debug\.\Drivers\</path>
         <kind>object</kind>
         <file>common.o</file>
         <name>common.o</name>
      </input_file>
      <input_file id="fl-b">
         <path>C:\Users\39347\workspace_ccstheia\emptyred\Debug\.\Drivers\</path>
         <kind>object</kind>
         <file>font.o</file>
         <name>font.o</name>
      </input_file>
      <input_file id="fl-18">
         <path>C:\Users\39347\workspace_ccstheia\emptyred\Debug\</path>
         <kind>object</kind>
         <file>&lt;internal&gt;</file>
         <name>&lt;internal&gt;</name>
      </input_file>
      <input_file id="fl-19">
         <path>C:\TI\mspm0_sdk_2_10_00_04\source\ti\driverlib\lib\ticlang\m0p\mspm0g1x0x_g3x0x\</path>
         <kind>archive</kind>
         <file>driverlib.a</file>
         <name>dl_common.o</name>
      </input_file>
      <input_file id="fl-1a">
         <path>C:\TI\mspm0_sdk_2_10_00_04\source\ti\driverlib\lib\ticlang\m0p\mspm0g1x0x_g3x0x\</path>
         <kind>archive</kind>
         <file>driverlib.a</file>
         <name>dl_spi.o</name>
      </input_file>
      <input_file id="fl-1b">
         <path>C:\TI\mspm0_sdk_2_10_00_04\source\ti\driverlib\lib\ticlang\m0p\mspm0g1x0x_g3x0x\</path>
         <kind>archive</kind>
         <file>driverlib.a</file>
         <name>dl_timer.o</name>
      </input_file>
      <input_file id="fl-1c">
         <path>C:\TI\mspm0_sdk_2_10_00_04\source\ti\driverlib\lib\ticlang\m0p\mspm0g1x0x_g3x0x\</path>
         <kind>archive</kind>
         <file>driverlib.a</file>
         <name>dl_uart.o</name>
      </input_file>
      <input_file id="fl-33">
         <path>D:\ti\ccs2050\ccs\tools\compiler\ti-cgt-armllvm_4.0.4.LTS\lib\armv6m-ti-none-eabi\c\</path>
         <kind>archive</kind>
         <file>libc.a</file>
         <name>e_sqrtf.c.obj</name>
      </input_file>
      <input_file id="fl-34">
         <path>D:\ti\ccs2050\ccs\tools\compiler\ti-cgt-armllvm_4.0.4.LTS\lib\armv6m-ti-none-eabi\c\</path>
         <kind>archive</kind>
         <file>libc.a</file>
         <name>vsnprintf.c.obj</name>
      </input_file>
      <input_file id="fl-35">
         <path>D:\ti\ccs2050\ccs\tools\compiler\ti-cgt-armllvm_4.0.4.LTS\lib\armv6m-ti-none-eabi\c\</path>
         <kind>archive</kind>
         <file>libc.a</file>
         <name>aeabi_portable.c.obj</name>
      </input_file>
      <input_file id="fl-36">
         <path>D:\ti\ccs2050\ccs\tools\compiler\ti-cgt-armllvm_4.0.4.LTS\lib\armv6m-ti-none-eabi\c\</path>
         <kind>archive</kind>
         <file>libc.a</file>
         <name>assert.c.obj</name>
      </input_file>
      <input_file id="fl-37">
         <path>D:\ti\ccs2050\ccs\tools\compiler\ti-cgt-armllvm_4.0.4.LTS\lib\armv6m-ti-none-eabi\c\</path>
         <kind>archive</kind>
         <file>libc.a</file>
         <name>defs.c.obj</name>
      </input_file>
      <input_file id="fl-38">
         <path>D:\ti\ccs2050\ccs\tools\compiler\ti-cgt-armllvm_4.0.4.LTS\lib\armv6m-ti-none-eabi\c\</path>
         <kind>archive</kind>
         <file>libc.a</file>
         <name>memory.c.obj</name>
      </input_file>
      <input_file id="fl-39">
         <path>D:\ti\ccs2050\ccs\tools\compiler\ti-cgt-armllvm_4.0.4.LTS\lib\armv6m-ti-none-eabi\c\</path>
         <kind>archive</kind>
         <file>libc.a</file>
         <name>rand.c.obj</name>
      </input_file>
      <input_file id="fl-3a">
         <path>D:\ti\ccs2050\ccs\tools\compiler\ti-cgt-armllvm_4.0.4.LTS\lib\armv6m-ti-none-eabi\c\</path>
         <kind>archive</kind>
         <file>libc.a</file>
         <name>boot_cortex_m.c.obj</name>
      </input_file>
      <input_file id="fl-3b">
         <path>D:\ti\ccs2050\ccs\tools\compiler\ti-cgt-armllvm_4.0.4.LTS\lib\armv6m-ti-none-eabi\c\</path>
         <kind>archive</kind>
         <file>libc.a</file>
         <name>mathacl_init.c.obj</name>
      </input_file>
      <input_file id="fl-3c">
         <path>D:\ti\ccs2050\ccs\tools\compiler\ti-cgt-armllvm_4.0.4.LTS\lib\armv6m-ti-none-eabi\c\</path>
         <kind>archive</kind>
         <file>libc.a</file>
         <name>autoinit.c.obj</name>
      </input_file>
      <input_file id="fl-3d">
         <path>D:\ti\ccs2050\ccs\tools\compiler\ti-cgt-armllvm_4.0.4.LTS\lib\armv6m-ti-none-eabi\c\</path>
         <kind>archive</kind>
         <file>libc.a</file>
         <name>pre_init.c.obj</name>
      </input_file>
      <input_file id="fl-3e">
         <path>D:\ti\ccs2050\ccs\tools\compiler\ti-cgt-armllvm_4.0.4.LTS\lib\armv6m-ti-none-eabi\c\</path>
         <kind>archive</kind>
         <file>libc.a</file>
         <name>cpy_tbl.c.obj</name>
      </input_file>
      <input_file id="fl-3f">
         <path>D:\ti\ccs2050\ccs\tools\compiler\ti-cgt-armllvm_4.0.4.LTS\lib\armv6m-ti-none-eabi\c\</path>
         <kind>archive</kind>
         <file>libc.a</file>
         <name>copy_zero_init.c.obj</name>
      </input_file>
      <input_file id="fl-40">
         <path>D:\ti\ccs2050\ccs\tools\compiler\ti-cgt-armllvm_4.0.4.LTS\lib\armv6m-ti-none-eabi\c\</path>
         <kind>archive</kind>
         <file>libc.a</file>
         <name>copy_decompress_none.c.obj</name>
      </input_file>
      <input_file id="fl-41">
         <path>D:\ti\ccs2050\ccs\tools\compiler\ti-cgt-armllvm_4.0.4.LTS\lib\armv6m-ti-none-eabi\c\</path>
         <kind>archive</kind>
         <file>libc.a</file>
         <name>copy_decompress_lzss.c.obj</name>
      </input_file>
      <input_file id="fl-42">
         <path>D:\ti\ccs2050\ccs\tools\compiler\ti-cgt-armllvm_4.0.4.LTS\lib\armv6m-ti-none-eabi\c\</path>
         <kind>archive</kind>
         <file>libc.a</file>
         <name>_printfi.c.obj</name>
      </input_file>
      <input_file id="fl-43">
         <path>D:\ti\ccs2050\ccs\tools\compiler\ti-cgt-armllvm_4.0.4.LTS\lib\armv6m-ti-none-eabi\c\</path>
         <kind>archive</kind>
         <file>libc.a</file>
         <name>sprintf.c.obj</name>
      </input_file>
      <input_file id="fl-44">
         <path>D:\ti\ccs2050\ccs\tools\compiler\ti-cgt-armllvm_4.0.4.LTS\lib\armv6m-ti-none-eabi\c\</path>
         <kind>archive</kind>
         <file>libc.a</file>
         <name>fflush.c.obj</name>
      </input_file>
      <input_file id="fl-45">
         <path>D:\ti\ccs2050\ccs\tools\compiler\ti-cgt-armllvm_4.0.4.LTS\lib\armv6m-ti-none-eabi\c\</path>
         <kind>archive</kind>
         <file>libc.a</file>
         <name>fputs.c.obj</name>
      </input_file>
      <input_file id="fl-46">
         <path>D:\ti\ccs2050\ccs\tools\compiler\ti-cgt-armllvm_4.0.4.LTS\lib\armv6m-ti-none-eabi\c\</path>
         <kind>archive</kind>
         <file>libc.a</file>
         <name>_io_perm.c.obj</name>
      </input_file>
      <input_file id="fl-47">
         <path>D:\ti\ccs2050\ccs\tools\compiler\ti-cgt-armllvm_4.0.4.LTS\lib\armv6m-ti-none-eabi\c\</path>
         <kind>archive</kind>
         <file>libc.a</file>
         <name>setvbuf.c.obj</name>
      </input_file>
      <input_file id="fl-48">
         <path>D:\ti\ccs2050\ccs\tools\compiler\ti-cgt-armllvm_4.0.4.LTS\lib\armv6m-ti-none-eabi\c\</path>
         <kind>archive</kind>
         <file>libc.a</file>
         <name>exit.c.obj</name>
      </input_file>
      <input_file id="fl-49">
         <path>D:\ti\ccs2050\ccs\tools\compiler\ti-cgt-armllvm_4.0.4.LTS\lib\armv6m-ti-none-eabi\c\</path>
         <kind>archive</kind>
         <file>libc.a</file>
         <name>_lock.c.obj</name>
      </input_file>
      <input_file id="fl-4a">
         <path>D:\ti\ccs2050\ccs\tools\compiler\ti-cgt-armllvm_4.0.4.LTS\lib\armv6m-ti-none-eabi\c\</path>
         <kind>archive</kind>
         <file>libc.a</file>
         <name>_ltoa.c.obj</name>
      </input_file>
      <input_file id="fl-4b">
         <path>D:\ti\ccs2050\ccs\tools\compiler\ti-cgt-armllvm_4.0.4.LTS\lib\armv6m-ti-none-eabi\c\</path>
         <kind>archive</kind>
         <file>libc.a</file>
         <name>args_main.c.obj</name>
      </input_file>
      <input_file id="fl-4c">
         <path>D:\ti\ccs2050\ccs\tools\compiler\ti-cgt-armllvm_4.0.4.LTS\lib\armv6m-ti-none-eabi\c\</path>
         <kind>archive</kind>
         <file>libc.a</file>
         <name>atoi.c.obj</name>
      </input_file>
      <input_file id="fl-4d">
         <path>D:\ti\ccs2050\ccs\tools\compiler\ti-cgt-armllvm_4.0.4.LTS\lib\armv6m-ti-none-eabi\c\</path>
         <kind>archive</kind>
         <file>libc.a</file>
         <name>memccpy.c.obj</name>
      </input_file>
      <input_file id="fl-4e">
         <path>D:\ti\ccs2050\ccs\tools\compiler\ti-cgt-armllvm_4.0.4.LTS\lib\armv6m-ti-none-eabi\c\</path>
         <kind>archive</kind>
         <file>libc.a</file>
         <name>s_frexp.c.obj</name>
      </input_file>
      <input_file id="fl-4f">
         <path>D:\ti\ccs2050\ccs\tools\compiler\ti-cgt-armllvm_4.0.4.LTS\lib\armv6m-ti-none-eabi\c\</path>
         <kind>archive</kind>
         <file>libc.a</file>
         <name>s_scalbn.c.obj</name>
      </input_file>
      <input_file id="fl-50">
         <path>D:\ti\ccs2050\ccs\tools\compiler\ti-cgt-armllvm_4.0.4.LTS\lib\armv6m-ti-none-eabi\c\</path>
         <kind>archive</kind>
         <file>libc.a</file>
         <name>wcslen.c.obj</name>
      </input_file>
      <input_file id="fl-51">
         <path>D:\ti\ccs2050\ccs\tools\compiler\ti-cgt-armllvm_4.0.4.LTS\lib\armv6m-ti-none-eabi\c\</path>
         <kind>archive</kind>
         <file>libc.a</file>
         <name>fopen.c.obj</name>
      </input_file>
      <input_file id="fl-52">
         <path>D:\ti\ccs2050\ccs\tools\compiler\ti-cgt-armllvm_4.0.4.LTS\lib\armv6m-ti-none-eabi\c\</path>
         <kind>archive</kind>
         <file>libc.a</file>
         <name>fseek.c.obj</name>
      </input_file>
      <input_file id="fl-53">
         <path>D:\ti\ccs2050\ccs\tools\compiler\ti-cgt-armllvm_4.0.4.LTS\lib\armv6m-ti-none-eabi\c\</path>
         <kind>archive</kind>
         <file>libc.a</file>
         <name>aeabi_ctype.S.obj</name>
      </input_file>
      <input_file id="fl-54">
         <path>D:\ti\ccs2050\ccs\tools\compiler\ti-cgt-armllvm_4.0.4.LTS\lib\armv6m-ti-none-eabi\c\</path>
         <kind>archive</kind>
         <file>libc.a</file>
         <name>fclose.c.obj</name>
      </input_file>
      <input_file id="fl-f4">
         <path>D:\ti\ccs2050\ccs\tools\compiler\ti-cgt-armllvm_4.0.4.LTS\lib\armv6m-ti-none-eabi\c\</path>
         <kind>archive</kind>
         <file>libsysbm.a</file>
         <name>hostexit.c.obj</name>
      </input_file>
      <input_file id="fl-f5">
         <path>D:\ti\ccs2050\ccs\tools\compiler\ti-cgt-armllvm_4.0.4.LTS\lib\armv6m-ti-none-eabi\c\</path>
         <kind>archive</kind>
         <file>libsysbm.a</file>
         <name>write.c.obj</name>
      </input_file>
      <input_file id="fl-f6">
         <path>D:\ti\ccs2050\ccs\tools\compiler\ti-cgt-armllvm_4.0.4.LTS\lib\armv6m-ti-none-eabi\c\</path>
         <kind>archive</kind>
         <file>libsysbm.a</file>
         <name>host_device.c.obj</name>
      </input_file>
      <input_file id="fl-f7">
         <path>D:\ti\ccs2050\ccs\tools\compiler\ti-cgt-armllvm_4.0.4.LTS\lib\armv6m-ti-none-eabi\c\</path>
         <kind>archive</kind>
         <file>libsysbm.a</file>
         <name>remove.c.obj</name>
      </input_file>
      <input_file id="fl-f8">
         <path>D:\ti\ccs2050\ccs\tools\compiler\ti-cgt-armllvm_4.0.4.LTS\lib\armv6m-ti-none-eabi\c\</path>
         <kind>archive</kind>
         <file>libsysbm.a</file>
         <name>open.c.obj</name>
      </input_file>
      <input_file id="fl-f9">
         <path>D:\ti\ccs2050\ccs\tools\compiler\ti-cgt-armllvm_4.0.4.LTS\lib\armv6m-ti-none-eabi\c\</path>
         <kind>archive</kind>
         <file>libsysbm.a</file>
         <name>lseek.c.obj</name>
      </input_file>
      <input_file id="fl-fa">
         <path>D:\ti\ccs2050\ccs\tools\compiler\ti-cgt-armllvm_4.0.4.LTS\lib\armv6m-ti-none-eabi\c\</path>
         <kind>archive</kind>
         <file>libsysbm.a</file>
         <name>close.c.obj</name>
      </input_file>
      <input_file id="fl-fb">
         <path>D:\ti\ccs2050\ccs\tools\compiler\ti-cgt-armllvm_4.0.4.LTS\lib\armv6m-ti-none-eabi\c\</path>
         <kind>archive</kind>
         <file>libsysbm.a</file>
         <name>unlink.c.obj</name>
      </input_file>
      <input_file id="fl-fc">
         <path>D:\ti\ccs2050\ccs\tools\compiler\ti-cgt-armllvm_4.0.4.LTS\lib\armv6m-ti-none-eabi\c\</path>
         <kind>archive</kind>
         <file>libsysbm.a</file>
         <name>hostclose.c.obj</name>
      </input_file>
      <input_file id="fl-fd">
         <path>D:\ti\ccs2050\ccs\tools\compiler\ti-cgt-armllvm_4.0.4.LTS\lib\armv6m-ti-none-eabi\c\</path>
         <kind>archive</kind>
         <file>libsysbm.a</file>
         <name>hostlseek.c.obj</name>
      </input_file>
      <input_file id="fl-fe">
         <path>D:\ti\ccs2050\ccs\tools\compiler\ti-cgt-armllvm_4.0.4.LTS\lib\armv6m-ti-none-eabi\c\</path>
         <kind>archive</kind>
         <file>libsysbm.a</file>
         <name>hostopen.c.obj</name>
      </input_file>
      <input_file id="fl-ff">
         <path>D:\ti\ccs2050\ccs\tools\compiler\ti-cgt-armllvm_4.0.4.LTS\lib\armv6m-ti-none-eabi\c\</path>
         <kind>archive</kind>
         <file>libsysbm.a</file>
         <name>hostread.c.obj</name>
      </input_file>
      <input_file id="fl-100">
         <path>D:\ti\ccs2050\ccs\tools\compiler\ti-cgt-armllvm_4.0.4.LTS\lib\armv6m-ti-none-eabi\c\</path>
         <kind>archive</kind>
         <file>libsysbm.a</file>
         <name>hostrename.c.obj</name>
      </input_file>
      <input_file id="fl-101">
         <path>D:\ti\ccs2050\ccs\tools\compiler\ti-cgt-armllvm_4.0.4.LTS\lib\armv6m-ti-none-eabi\c\</path>
         <kind>archive</kind>
         <file>libsysbm.a</file>
         <name>hostunlink.c.obj</name>
      </input_file>
      <input_file id="fl-102">
         <path>D:\ti\ccs2050\ccs\tools\compiler\ti-cgt-armllvm_4.0.4.LTS\lib\armv6m-ti-none-eabi\c\</path>
         <kind>archive</kind>
         <file>libsysbm.a</file>
         <name>hostwrite.c.obj</name>
      </input_file>
      <input_file id="fl-103">
         <path>D:\ti\ccs2050\ccs\tools\compiler\ti-cgt-armllvm_4.0.4.LTS\lib\armv6m-ti-none-eabi\c\</path>
         <kind>archive</kind>
         <file>libsysbm.a</file>
         <name>trgmsg.c.obj</name>
      </input_file>
      <input_file id="fl-104">
         <path>D:\ti\ccs2050\ccs\tools\compiler\ti-cgt-armllvm_4.0.4.LTS\lib\armv6m-ti-none-eabi\</path>
         <kind>archive</kind>
         <file>libclang_rt.builtins.a</file>
         <name>addsf3.S.obj</name>
      </input_file>
      <input_file id="fl-105">
         <path>D:\ti\ccs2050\ccs\tools\compiler\ti-cgt-armllvm_4.0.4.LTS\lib\armv6m-ti-none-eabi\</path>
         <kind>archive</kind>
         <file>libclang_rt.builtins.a</file>
         <name>adddf3.S.obj</name>
      </input_file>
      <input_file id="fl-106">
         <path>D:\ti\ccs2050\ccs\tools\compiler\ti-cgt-armllvm_4.0.4.LTS\lib\armv6m-ti-none-eabi\</path>
         <kind>archive</kind>
         <file>libclang_rt.builtins.a</file>
         <name>muldf3.S.obj</name>
      </input_file>
      <input_file id="fl-107">
         <path>D:\ti\ccs2050\ccs\tools\compiler\ti-cgt-armllvm_4.0.4.LTS\lib\armv6m-ti-none-eabi\</path>
         <kind>archive</kind>
         <file>libclang_rt.builtins.a</file>
         <name>muldsi3.S.obj</name>
      </input_file>
      <input_file id="fl-108">
         <path>D:\ti\ccs2050\ccs\tools\compiler\ti-cgt-armllvm_4.0.4.LTS\lib\armv6m-ti-none-eabi\</path>
         <kind>archive</kind>
         <file>libclang_rt.builtins.a</file>
         <name>mulsf3.S.obj</name>
      </input_file>
      <input_file id="fl-109">
         <path>D:\ti\ccs2050\ccs\tools\compiler\ti-cgt-armllvm_4.0.4.LTS\lib\armv6m-ti-none-eabi\</path>
         <kind>archive</kind>
         <file>libclang_rt.builtins.a</file>
         <name>divsf3.S.obj</name>
      </input_file>
      <input_file id="fl-10a">
         <path>D:\ti\ccs2050\ccs\tools\compiler\ti-cgt-armllvm_4.0.4.LTS\lib\armv6m-ti-none-eabi\</path>
         <kind>archive</kind>
         <file>libclang_rt.builtins.a</file>
         <name>divdf3.S.obj</name>
      </input_file>
      <input_file id="fl-10b">
         <path>D:\ti\ccs2050\ccs\tools\compiler\ti-cgt-armllvm_4.0.4.LTS\lib\armv6m-ti-none-eabi\</path>
         <kind>archive</kind>
         <file>libclang_rt.builtins.a</file>
         <name>fixdfsi.S.obj</name>
      </input_file>
      <input_file id="fl-10c">
         <path>D:\ti\ccs2050\ccs\tools\compiler\ti-cgt-armllvm_4.0.4.LTS\lib\armv6m-ti-none-eabi\</path>
         <kind>archive</kind>
         <file>libclang_rt.builtins.a</file>
         <name>fixsfsi.S.obj</name>
      </input_file>
      <input_file id="fl-10d">
         <path>D:\ti\ccs2050\ccs\tools\compiler\ti-cgt-armllvm_4.0.4.LTS\lib\armv6m-ti-none-eabi\</path>
         <kind>archive</kind>
         <file>libclang_rt.builtins.a</file>
         <name>floatsidf.S.obj</name>
      </input_file>
      <input_file id="fl-10e">
         <path>D:\ti\ccs2050\ccs\tools\compiler\ti-cgt-armllvm_4.0.4.LTS\lib\armv6m-ti-none-eabi\</path>
         <kind>archive</kind>
         <file>libclang_rt.builtins.a</file>
         <name>floatsisf.S.obj</name>
      </input_file>
      <input_file id="fl-10f">
         <path>D:\ti\ccs2050\ccs\tools\compiler\ti-cgt-armllvm_4.0.4.LTS\lib\armv6m-ti-none-eabi\</path>
         <kind>archive</kind>
         <file>libclang_rt.builtins.a</file>
         <name>floatunsisf.S.obj</name>
      </input_file>
      <input_file id="fl-110">
         <path>D:\ti\ccs2050\ccs\tools\compiler\ti-cgt-armllvm_4.0.4.LTS\lib\armv6m-ti-none-eabi\</path>
         <kind>archive</kind>
         <file>libclang_rt.builtins.a</file>
         <name>muldi3.S.obj</name>
      </input_file>
      <input_file id="fl-111">
         <path>D:\ti\ccs2050\ccs\tools\compiler\ti-cgt-armllvm_4.0.4.LTS\lib\armv6m-ti-none-eabi\</path>
         <kind>archive</kind>
         <file>libclang_rt.builtins.a</file>
         <name>aeabi_dcmp.S.obj</name>
      </input_file>
      <input_file id="fl-112">
         <path>D:\ti\ccs2050\ccs\tools\compiler\ti-cgt-armllvm_4.0.4.LTS\lib\armv6m-ti-none-eabi\</path>
         <kind>archive</kind>
         <file>libclang_rt.builtins.a</file>
         <name>aeabi_fcmp.S.obj</name>
      </input_file>
      <input_file id="fl-113">
         <path>D:\ti\ccs2050\ccs\tools\compiler\ti-cgt-armllvm_4.0.4.LTS\lib\armv6m-ti-none-eabi\</path>
         <kind>archive</kind>
         <file>libclang_rt.builtins.a</file>
         <name>aeabi_idivmod.S.obj</name>
      </input_file>
      <input_file id="fl-114">
         <path>D:\ti\ccs2050\ccs\tools\compiler\ti-cgt-armllvm_4.0.4.LTS\lib\armv6m-ti-none-eabi\</path>
         <kind>archive</kind>
         <file>libclang_rt.builtins.a</file>
         <name>aeabi_memcpy.S.obj</name>
      </input_file>
      <input_file id="fl-115">
         <path>D:\ti\ccs2050\ccs\tools\compiler\ti-cgt-armllvm_4.0.4.LTS\lib\armv6m-ti-none-eabi\</path>
         <kind>archive</kind>
         <file>libclang_rt.builtins.a</file>
         <name>aeabi_memset.S.obj</name>
      </input_file>
      <input_file id="fl-116">
         <path>D:\ti\ccs2050\ccs\tools\compiler\ti-cgt-armllvm_4.0.4.LTS\lib\armv6m-ti-none-eabi\</path>
         <kind>archive</kind>
         <file>libclang_rt.builtins.a</file>
         <name>aeabi_uidivmod.S.obj</name>
      </input_file>
      <input_file id="fl-117">
         <path>D:\ti\ccs2050\ccs\tools\compiler\ti-cgt-armllvm_4.0.4.LTS\lib\armv6m-ti-none-eabi\</path>
         <kind>archive</kind>
         <file>libclang_rt.builtins.a</file>
         <name>aeabi_uldivmod.S.obj</name>
      </input_file>
      <input_file id="fl-118">
         <path>D:\ti\ccs2050\ccs\tools\compiler\ti-cgt-armllvm_4.0.4.LTS\lib\armv6m-ti-none-eabi\</path>
         <kind>archive</kind>
         <file>libclang_rt.builtins.a</file>
         <name>comparesf2.S.obj</name>
      </input_file>
      <input_file id="fl-119">
         <path>D:\ti\ccs2050\ccs\tools\compiler\ti-cgt-armllvm_4.0.4.LTS\lib\armv6m-ti-none-eabi\</path>
         <kind>archive</kind>
         <file>libclang_rt.builtins.a</file>
         <name>udivmoddi4.S.obj</name>
      </input_file>
      <input_file id="fl-11a">
         <path>D:\ti\ccs2050\ccs\tools\compiler\ti-cgt-armllvm_4.0.4.LTS\lib\armv6m-ti-none-eabi\</path>
         <kind>archive</kind>
         <file>libclang_rt.builtins.a</file>
         <name>ashldi3.S.obj</name>
      </input_file>
      <input_file id="fl-11b">
         <path>D:\ti\ccs2050\ccs\tools\compiler\ti-cgt-armllvm_4.0.4.LTS\lib\armv6m-ti-none-eabi\</path>
         <kind>archive</kind>
         <file>libclang_rt.builtins.a</file>
         <name>comparedf2.c.obj</name>
      </input_file>
      <input_file id="fl-11c">
         <path>D:\ti\ccs2050\ccs\tools\compiler\ti-cgt-armllvm_4.0.4.LTS\lib\armv6m-ti-none-eabi\</path>
         <kind>archive</kind>
         <file>libclang_rt.builtins.a</file>
         <name>aeabi_div0.c.obj</name>
      </input_file>
      <input_file id="fl-11d">
         <path>D:\ti\ccs2050\ccs\tools\compiler\ti-cgt-armllvm_4.0.4.LTS\lib\armv6m-ti-none-eabi\c\</path>
         <kind>archive</kind>
         <file>libc.a</file>
         <name>getdevice.c.obj</name>
      </input_file>
      <input_file id="fl-11e">
         <path>D:\ti\ccs2050\ccs\tools\compiler\ti-cgt-armllvm_4.0.4.LTS\lib\armv6m-ti-none-eabi\c\</path>
         <kind>archive</kind>
         <file>libc.a</file>
         <name>memcpy16.S.obj</name>
      </input_file>
      <input_file id="fl-11f">
         <path>D:\ti\ccs2050\ccs\tools\compiler\ti-cgt-armllvm_4.0.4.LTS\lib\armv6m-ti-none-eabi\c\</path>
         <kind>archive</kind>
         <file>libc.a</file>
         <name>memset16.S.obj</name>
      </input_file>
      <input_file id="fl-120">
         <path>D:\ti\ccs2050\ccs\tools\compiler\ti-cgt-armllvm_4.0.4.LTS\lib\armv6m-ti-none-eabi\c\</path>
         <kind>archive</kind>
         <file>libc.a</file>
         <name>strcmp-armv6m.S.obj</name>
      </input_file>
   </input_file_list>
   <object_component_list>
      <object_component id="oc-18">
         <name>.intvecs</name>
         <load_address>0x0</load_address>
         <readonly>true</readonly>
         <run_address>0x0</run_address>
         <size>0xc0</size>
         <alignment>0x4</alignment>
         <input_file_ref idref="fl-4"/>
      </object_component>
      <object_component id="oc-b2">
         <name>.text.tft180_init</name>
         <load_address>0xc0</load_address>
         <readonly>true</readonly>
         <executable>true</executable>
         <run_address>0xc0</run_address>
         <size>0xe6c</size>
         <alignment>0x4</alignment>
         <input_file_ref idref="fl-9"/>
      </object_component>
      <object_component id="oc-1ef">
         <name>.text:__TI_printfi</name>
         <load_address>0xf2c</load_address>
         <readonly>true</readonly>
         <executable>true</executable>
         <run_address>0xf2c</run_address>
         <size>0x9d0</size>
         <alignment>0x4</alignment>
         <input_file_ref idref="fl-42"/>
      </object_component>
      <object_component id="oc-81">
         <name>.text.main</name>
         <load_address>0x18fc</load_address>
         <readonly>true</readonly>
         <executable>true</executable>
         <run_address>0x18fc</run_address>
         <size>0x5e8</size>
         <alignment>0x4</alignment>
         <input_file_ref idref="fl-2"/>
      </object_component>
      <object_component id="oc-d0">
         <name>.text.PID_Update</name>
         <load_address>0x1ee4</load_address>
         <readonly>true</readonly>
         <executable>true</executable>
         <run_address>0x1ee4</run_address>
         <size>0x52c</size>
         <alignment>0x4</alignment>
         <input_file_ref idref="fl-6"/>
      </object_component>
      <object_component id="oc-141">
         <name>.text.tft180_show_char</name>
         <load_address>0x2410</load_address>
         <readonly>true</readonly>
         <executable>true</executable>
         <run_address>0x2410</run_address>
         <size>0x2c8</size>
         <alignment>0x4</alignment>
         <input_file_ref idref="fl-9"/>
      </object_component>
      <object_component id="oc-156">
         <name>.text.PID_SetTargetIndex</name>
         <load_address>0x26d8</load_address>
         <readonly>true</readonly>
         <executable>true</executable>
         <run_address>0x26d8</run_address>
         <size>0x24c</size>
         <alignment>0x4</alignment>
         <input_file_ref idref="fl-6"/>
      </object_component>
      <object_component id="oc-214">
         <name>.text._pconv_a</name>
         <load_address>0x2924</load_address>
         <readonly>true</readonly>
         <executable>true</executable>
         <run_address>0x2924</run_address>
         <size>0x220</size>
         <alignment>0x4</alignment>
         <input_file_ref idref="fl-42"/>
      </object_component>
      <object_component id="oc-171">
         <name>.text.Generate_Waypoints</name>
         <load_address>0x2b44</load_address>
         <readonly>true</readonly>
         <executable>true</executable>
         <run_address>0x2b44</run_address>
         <size>0x204</size>
         <alignment>0x4</alignment>
         <input_file_ref idref="fl-6"/>
      </object_component>
      <object_component id="oc-219">
         <name>.text._pconv_g</name>
         <load_address>0x2d48</load_address>
         <readonly>true</readonly>
         <executable>true</executable>
         <run_address>0x2d48</run_address>
         <size>0x1dc</size>
         <alignment>0x4</alignment>
         <input_file_ref idref="fl-42"/>
      </object_component>
      <object_component id="oc-132">
         <name>.text.tft180_set_region</name>
         <load_address>0x2f24</load_address>
         <readonly>true</readonly>
         <executable>true</executable>
         <run_address>0x2f24</run_address>
         <size>0x1c4</size>
         <alignment>0x4</alignment>
         <input_file_ref idref="fl-9"/>
      </object_component>
      <object_component id="oc-255">
         <name>.text.adddf3_subdf3</name>
         <load_address>0x30e8</load_address>
         <readonly>true</readonly>
         <executable>true</executable>
         <run_address>0x30e8</run_address>
         <size>0x192</size>
         <alignment>0x4</alignment>
         <input_file_ref idref="fl-105"/>
      </object_component>
      <object_component id="oc-33">
         <name>.text.Default_Handler</name>
         <load_address>0x327a</load_address>
         <readonly>true</readonly>
         <executable>true</executable>
         <run_address>0x327a</run_address>
         <size>0x2</size>
         <alignment>0x2</alignment>
         <input_file_ref idref="fl-4"/>
      </object_component>
      <object_component id="oc-bd">
         <name>.text.tft180_clear</name>
         <load_address>0x327c</load_address>
         <readonly>true</readonly>
         <executable>true</executable>
         <run_address>0x327c</run_address>
         <size>0x164</size>
         <alignment>0x4</alignment>
         <input_file_ref idref="fl-9"/>
      </object_component>
      <object_component id="oc-259">
         <name>.text.fcvt</name>
         <load_address>0x33e0</load_address>
         <readonly>true</readonly>
         <executable>true</executable>
         <run_address>0x33e0</run_address>
         <size>0x13c</size>
         <alignment>0x4</alignment>
         <input_file_ref idref="fl-42"/>
      </object_component>
      <object_component id="oc-6b">
         <name>.text.UART_Process_Byte</name>
         <load_address>0x351c</load_address>
         <readonly>true</readonly>
         <executable>true</executable>
         <run_address>0x351c</run_address>
         <size>0x12c</size>
         <alignment>0x4</alignment>
         <input_file_ref idref="fl-7"/>
      </object_component>
      <object_component id="oc-21b">
         <name>.text._pconv_e</name>
         <load_address>0x3648</load_address>
         <readonly>true</readonly>
         <executable>true</executable>
         <run_address>0x3648</run_address>
         <size>0x120</size>
         <alignment>0x4</alignment>
         <input_file_ref idref="fl-42"/>
      </object_component>
      <object_component id="oc-251">
         <name>.text.__divdf3</name>
         <load_address>0x3768</load_address>
         <readonly>true</readonly>
         <executable>true</executable>
         <run_address>0x3768</run_address>
         <size>0x10c</size>
         <alignment>0x4</alignment>
         <input_file_ref idref="fl-10a"/>
      </object_component>
      <object_component id="oc-19a">
         <name>.text.DL_Timer_initTimerMode</name>
         <load_address>0x3874</load_address>
         <readonly>true</readonly>
         <executable>true</executable>
         <run_address>0x3874</run_address>
         <size>0xfc</size>
         <alignment>0x4</alignment>
         <input_file_ref idref="fl-1b"/>
      </object_component>
      <object_component id="oc-241">
         <name>.text.__muldf3</name>
         <load_address>0x3970</load_address>
         <readonly>true</readonly>
         <executable>true</executable>
         <run_address>0x3970</run_address>
         <size>0xe4</size>
         <alignment>0x4</alignment>
         <input_file_ref idref="fl-106"/>
      </object_component>
      <object_component id="oc-230">
         <name>.text.scalbn</name>
         <load_address>0x3a54</load_address>
         <readonly>true</readonly>
         <executable>true</executable>
         <run_address>0x3a54</run_address>
         <size>0xd8</size>
         <alignment>0x4</alignment>
         <input_file_ref idref="fl-4f"/>
      </object_component>
      <object_component id="oc-161">
         <name>.text</name>
         <load_address>0x3b2c</load_address>
         <readonly>true</readonly>
         <executable>true</executable>
         <run_address>0x3b2c</run_address>
         <size>0xd8</size>
         <alignment>0x4</alignment>
         <input_file_ref idref="fl-104"/>
      </object_component>
      <object_component id="oc-c0">
         <name>.text.Handle_UART_Packet</name>
         <load_address>0x3c04</load_address>
         <readonly>true</readonly>
         <executable>true</executable>
         <run_address>0x3c04</run_address>
         <size>0xd0</size>
         <alignment>0x4</alignment>
         <input_file_ref idref="fl-2"/>
      </object_component>
      <object_component id="oc-6f">
         <name>.text.Motor_OnTimerInterrupt</name>
         <load_address>0x3cd4</load_address>
         <readonly>true</readonly>
         <executable>true</executable>
         <run_address>0x3cd4</run_address>
         <size>0xc8</size>
         <alignment>0x4</alignment>
         <input_file_ref idref="fl-5"/>
      </object_component>
      <object_component id="oc-122">
         <name>.text.SYSCFG_DL_GPIO_init</name>
         <load_address>0x3d9c</load_address>
         <readonly>true</readonly>
         <executable>true</executable>
         <run_address>0x3d9c</run_address>
         <size>0xc0</size>
         <alignment>0x4</alignment>
         <input_file_ref idref="fl-3"/>
      </object_component>
      <object_component id="oc-227">
         <name>.text</name>
         <load_address>0x3e5c</load_address>
         <readonly>true</readonly>
         <executable>true</executable>
         <run_address>0x3e5c</run_address>
         <size>0xa2</size>
         <alignment>0x4</alignment>
         <input_file_ref idref="fl-119"/>
      </object_component>
      <object_component id="oc-114">
         <name>.text.__aeabi_idiv0</name>
         <load_address>0x3efe</load_address>
         <readonly>true</readonly>
         <executable>true</executable>
         <run_address>0x3efe</run_address>
         <size>0x2</size>
         <alignment>0x2</alignment>
         <input_file_ref idref="fl-11c"/>
      </object_component>
      <object_component id="oc-16d">
         <name>.text.sqrtf</name>
         <load_address>0x3f00</load_address>
         <readonly>true</readonly>
         <executable>true</executable>
         <run_address>0x3f00</run_address>
         <size>0xa0</size>
         <alignment>0x4</alignment>
         <input_file_ref idref="fl-33"/>
      </object_component>
      <object_component id="oc-a1">
         <name>.text:memcpy</name>
         <load_address>0x3fa0</load_address>
         <readonly>true</readonly>
         <executable>true</executable>
         <run_address>0x3fa0</run_address>
         <size>0x9a</size>
         <alignment>0x1</alignment>
         <input_file_ref idref="fl-11e"/>
      </object_component>
      <object_component id="oc-c2">
         <name>.text.UART_Printf</name>
         <load_address>0x403a</load_address>
         <readonly>true</readonly>
         <executable>true</executable>
         <run_address>0x403a</run_address>
         <size>0x94</size>
         <alignment>0x2</alignment>
         <input_file_ref idref="fl-7"/>
      </object_component>
      <object_component id="oc-25b">
         <name>.text.__aeabi_ldiv0</name>
         <load_address>0x40ce</load_address>
         <readonly>true</readonly>
         <executable>true</executable>
         <run_address>0x40ce</run_address>
         <size>0x2</size>
         <alignment>0x2</alignment>
         <input_file_ref idref="fl-11c"/>
      </object_component>
      <object_component id="oc-ce">
         <name>.text.PID_Handle_SW3_ResetPress</name>
         <load_address>0x40d0</load_address>
         <readonly>true</readonly>
         <executable>true</executable>
         <run_address>0x40d0</run_address>
         <size>0x90</size>
         <alignment>0x4</alignment>
         <input_file_ref idref="fl-6"/>
      </object_component>
      <object_component id="oc-165">
         <name>.text.__mulsf3</name>
         <load_address>0x4160</load_address>
         <readonly>true</readonly>
         <executable>true</executable>
         <run_address>0x4160</run_address>
         <size>0x8c</size>
         <alignment>0x4</alignment>
         <input_file_ref idref="fl-108"/>
      </object_component>
      <object_component id="oc-c9">
         <name>.text.Motor_Step</name>
         <load_address>0x41ec</load_address>
         <readonly>true</readonly>
         <executable>true</executable>
         <run_address>0x41ec</run_address>
         <size>0x88</size>
         <alignment>0x4</alignment>
         <input_file_ref idref="fl-5"/>
      </object_component>
      <object_component id="oc-169">
         <name>.text.__divsf3</name>
         <load_address>0x4274</load_address>
         <readonly>true</readonly>
         <executable>true</executable>
         <run_address>0x4274</run_address>
         <size>0x82</size>
         <alignment>0x4</alignment>
         <input_file_ref idref="fl-109"/>
      </object_component>
      <object_component id="oc-1db">
         <name>.text._nop</name>
         <load_address>0x42f6</load_address>
         <readonly>true</readonly>
         <executable>true</executable>
         <run_address>0x42f6</run_address>
         <size>0x2</size>
         <alignment>0x2</alignment>
         <input_file_ref idref="fl-49"/>
      </object_component>
      <object_component id="oc-128">
         <name>.text.SYSCFG_DL_UART_1_init</name>
         <load_address>0x42f8</load_address>
         <readonly>true</readonly>
         <executable>true</executable>
         <run_address>0x42f8</run_address>
         <size>0x7c</size>
         <alignment>0x4</alignment>
         <input_file_ref idref="fl-3"/>
      </object_component>
      <object_component id="oc-1c">
         <name>.text:decompress:lzss</name>
         <load_address>0x4374</load_address>
         <readonly>true</readonly>
         <executable>true</executable>
         <run_address>0x4374</run_address>
         <size>0x7c</size>
         <alignment>0x4</alignment>
         <input_file_ref idref="fl-41"/>
      </object_component>
      <object_component id="oc-ac">
         <name>.text.Motor_Init</name>
         <load_address>0x43f0</load_address>
         <readonly>true</readonly>
         <executable>true</executable>
         <run_address>0x43f0</run_address>
         <size>0x78</size>
         <alignment>0x4</alignment>
         <input_file_ref idref="fl-5"/>
      </object_component>
      <object_component id="oc-24f">
         <name>.text.__gedf2</name>
         <load_address>0x4468</load_address>
         <readonly>true</readonly>
         <executable>true</executable>
         <run_address>0x4468</run_address>
         <size>0x74</size>
         <alignment>0x4</alignment>
         <input_file_ref idref="fl-11b"/>
      </object_component>
      <object_component id="oc-127">
         <name>.text.SYSCFG_DL_UART_0_init</name>
         <load_address>0x44dc</load_address>
         <readonly>true</readonly>
         <executable>true</executable>
         <run_address>0x44dc</run_address>
         <size>0x70</size>
         <alignment>0x4</alignment>
         <input_file_ref idref="fl-3"/>
      </object_component>
      <object_component id="oc-172">
         <name>.text.Motor_ChangeSubdivision</name>
         <load_address>0x454c</load_address>
         <readonly>true</readonly>
         <executable>true</executable>
         <run_address>0x454c</run_address>
         <size>0x6c</size>
         <alignment>0x4</alignment>
         <input_file_ref idref="fl-5"/>
      </object_component>
      <object_component id="oc-cf">
         <name>.text.PID_Handle_SW3_ResetRelease</name>
         <load_address>0x45b8</load_address>
         <readonly>true</readonly>
         <executable>true</executable>
         <run_address>0x45b8</run_address>
         <size>0x68</size>
         <alignment>0x4</alignment>
         <input_file_ref idref="fl-6"/>
      </object_component>
      <object_component id="oc-249">
         <name>.text.__ledf2</name>
         <load_address>0x4620</load_address>
         <readonly>true</readonly>
         <executable>true</executable>
         <run_address>0x4620</run_address>
         <size>0x68</size>
         <alignment>0x4</alignment>
         <input_file_ref idref="fl-11b"/>
      </object_component>
      <object_component id="oc-248">
         <name>.text._mcpy</name>
         <load_address>0x4688</load_address>
         <readonly>true</readonly>
         <executable>true</executable>
         <run_address>0x4688</run_address>
         <size>0x66</size>
         <alignment>0x2</alignment>
         <input_file_ref idref="fl-42"/>
      </object_component>
      <object_component id="oc-ad">
         <name>.text.PID_Init</name>
         <load_address>0x46f0</load_address>
         <readonly>true</readonly>
         <executable>true</executable>
         <run_address>0x46f0</run_address>
         <size>0x64</size>
         <alignment>0x4</alignment>
         <input_file_ref idref="fl-6"/>
      </object_component>
      <object_component id="oc-bf">
         <name>.text.tft180_printf</name>
         <load_address>0x4754</load_address>
         <readonly>true</readonly>
         <executable>true</executable>
         <run_address>0x4754</run_address>
         <size>0x64</size>
         <alignment>0x4</alignment>
         <input_file_ref idref="fl-9"/>
      </object_component>
      <object_component id="oc-215">
         <name>.text.__aeabi_dcmp</name>
         <load_address>0x47b8</load_address>
         <readonly>true</readonly>
         <executable>true</executable>
         <run_address>0x47b8</run_address>
         <size>0x62</size>
         <alignment>0x4</alignment>
         <input_file_ref idref="fl-111"/>
      </object_component>
      <object_component id="oc-15d">
         <name>.text.__aeabi_fcmp</name>
         <load_address>0x481c</load_address>
         <readonly>true</readonly>
         <executable>true</executable>
         <run_address>0x481c</run_address>
         <size>0x62</size>
         <alignment>0x4</alignment>
         <input_file_ref idref="fl-112"/>
      </object_component>
      <object_component id="oc-120">
         <name>.text:memset</name>
         <load_address>0x487e</load_address>
         <readonly>true</readonly>
         <executable>true</executable>
         <run_address>0x487e</run_address>
         <size>0x62</size>
         <alignment>0x1</alignment>
         <input_file_ref idref="fl-11f"/>
      </object_component>
      <object_component id="oc-121">
         <name>.text.SYSCFG_DL_initPower</name>
         <load_address>0x48e0</load_address>
         <readonly>true</readonly>
         <executable>true</executable>
         <run_address>0x48e0</run_address>
         <size>0x60</size>
         <alignment>0x4</alignment>
         <input_file_ref idref="fl-3"/>
      </object_component>
      <object_component id="oc-22c">
         <name>.text.frexp</name>
         <load_address>0x4940</load_address>
         <readonly>true</readonly>
         <executable>true</executable>
         <run_address>0x4940</run_address>
         <size>0x5c</size>
         <alignment>0x4</alignment>
         <input_file_ref idref="fl-4e"/>
      </object_component>
      <object_component id="oc-238">
         <name>.text.__TI_ltoa</name>
         <load_address>0x499c</load_address>
         <readonly>true</readonly>
         <executable>true</executable>
         <run_address>0x499c</run_address>
         <size>0x58</size>
         <alignment>0x2</alignment>
         <input_file_ref idref="fl-4a"/>
      </object_component>
      <object_component id="oc-21a">
         <name>.text._pconv_f</name>
         <load_address>0x49f4</load_address>
         <readonly>true</readonly>
         <executable>true</executable>
         <run_address>0x49f4</run_address>
         <size>0x58</size>
         <alignment>0x2</alignment>
         <input_file_ref idref="fl-42"/>
      </object_component>
      <object_component id="oc-1bd">
         <name>.text.__aeabi_idivmod</name>
         <load_address>0x4a4c</load_address>
         <readonly>true</readonly>
         <executable>true</executable>
         <run_address>0x4a4c</run_address>
         <size>0x56</size>
         <alignment>0x4</alignment>
         <input_file_ref idref="fl-113"/>
      </object_component>
      <object_component id="oc-1c1">
         <name>.text.UART_SendPacket</name>
         <load_address>0x4aa2</load_address>
         <readonly>true</readonly>
         <executable>true</executable>
         <run_address>0x4aa2</run_address>
         <size>0x54</size>
         <alignment>0x2</alignment>
         <input_file_ref idref="fl-7"/>
      </object_component>
      <object_component id="oc-246">
         <name>.text._ecpy</name>
         <load_address>0x4af6</load_address>
         <readonly>true</readonly>
         <executable>true</executable>
         <run_address>0x4af6</run_address>
         <size>0x52</size>
         <alignment>0x2</alignment>
         <input_file_ref idref="fl-42"/>
      </object_component>
      <object_component id="oc-ca">
         <name>.text.PID_Handle_SW1_StateTransform</name>
         <load_address>0x4b48</load_address>
         <readonly>true</readonly>
         <executable>true</executable>
         <run_address>0x4b48</run_address>
         <size>0x4c</size>
         <alignment>0x4</alignment>
         <input_file_ref idref="fl-6"/>
      </object_component>
      <object_component id="oc-129">
         <name>.text.SYSCFG_DL_ST7735_SPI_init</name>
         <load_address>0x4b94</load_address>
         <readonly>true</readonly>
         <executable>true</executable>
         <run_address>0x4b94</run_address>
         <size>0x4c</size>
         <alignment>0x4</alignment>
         <input_file_ref idref="fl-3"/>
      </object_component>
      <object_component id="oc-234">
         <name>.text.__fixdfsi</name>
         <load_address>0x4be0</load_address>
         <readonly>true</readonly>
         <executable>true</executable>
         <run_address>0x4be0</run_address>
         <size>0x4a</size>
         <alignment>0x4</alignment>
         <input_file_ref idref="fl-10b"/>
      </object_component>
      <object_component id="oc-1a0">
         <name>.text.DL_UART_init</name>
         <load_address>0x4c2c</load_address>
         <readonly>true</readonly>
         <executable>true</executable>
         <run_address>0x4c2c</run_address>
         <size>0x48</size>
         <alignment>0x4</alignment>
         <input_file_ref idref="fl-1c"/>
      </object_component>
      <object_component id="oc-1ab">
         <name>.text.DL_SPI_init</name>
         <load_address>0x4c74</load_address>
         <readonly>true</readonly>
         <executable>true</executable>
         <run_address>0x4c74</run_address>
         <size>0x44</size>
         <alignment>0x4</alignment>
         <input_file_ref idref="fl-1a"/>
      </object_component>
      <object_component id="oc-a6">
         <name>.text.SYSCFG_DL_init</name>
         <load_address>0x4cb8</load_address>
         <readonly>true</readonly>
         <executable>true</executable>
         <run_address>0x4cb8</run_address>
         <size>0x40</size>
         <alignment>0x4</alignment>
         <input_file_ref idref="fl-3"/>
      </object_component>
      <object_component id="oc-98">
         <name>.text.__aeabi_uidivmod</name>
         <load_address>0x4cf8</load_address>
         <readonly>true</readonly>
         <executable>true</executable>
         <run_address>0x4cf8</run_address>
         <size>0x40</size>
         <alignment>0x4</alignment>
         <input_file_ref idref="fl-116"/>
      </object_component>
      <object_component id="oc-203">
         <name>.text.atoi</name>
         <load_address>0x4d38</load_address>
         <readonly>true</readonly>
         <executable>true</executable>
         <run_address>0x4d38</run_address>
         <size>0x40</size>
         <alignment>0x4</alignment>
         <input_file_ref idref="fl-4c"/>
      </object_component>
      <object_component id="oc-13b">
         <name>.text.vsnprintf</name>
         <load_address>0x4d78</load_address>
         <readonly>true</readonly>
         <executable>true</executable>
         <run_address>0x4d78</run_address>
         <size>0x40</size>
         <alignment>0x4</alignment>
         <input_file_ref idref="fl-34"/>
      </object_component>
      <object_component id="oc-123">
         <name>.text.SYSCFG_DL_SYSCTL_init</name>
         <load_address>0x4db8</load_address>
         <readonly>true</readonly>
         <executable>true</executable>
         <run_address>0x4db8</run_address>
         <size>0x3c</size>
         <alignment>0x4</alignment>
         <input_file_ref idref="fl-3"/>
      </object_component>
      <object_component id="oc-148">
         <name>.text.__floatsisf</name>
         <load_address>0x4df4</load_address>
         <readonly>true</readonly>
         <executable>true</executable>
         <run_address>0x4df4</run_address>
         <size>0x3c</size>
         <alignment>0x4</alignment>
         <input_file_ref idref="fl-10e"/>
      </object_component>
      <object_component id="oc-1c8">
         <name>.text.__gtsf2</name>
         <load_address>0x4e30</load_address>
         <readonly>true</readonly>
         <executable>true</executable>
         <run_address>0x4e30</run_address>
         <size>0x3c</size>
         <alignment>0x4</alignment>
         <input_file_ref idref="fl-118"/>
      </object_component>
      <object_component id="oc-102">
         <name>.text:__TI_auto_init_nobinit_nopinit</name>
         <load_address>0x4e6c</load_address>
         <readonly>true</readonly>
         <executable>true</executable>
         <run_address>0x4e6c</run_address>
         <size>0x3c</size>
         <alignment>0x4</alignment>
         <input_file_ref idref="fl-3c"/>
      </object_component>
      <object_component id="oc-1c3">
         <name>.text.__eqsf2</name>
         <load_address>0x4ea8</load_address>
         <readonly>true</readonly>
         <executable>true</executable>
         <run_address>0x4ea8</run_address>
         <size>0x3a</size>
         <alignment>0x4</alignment>
         <input_file_ref idref="fl-118"/>
      </object_component>
      <object_component id="oc-1cb">
         <name>.text.__muldsi3</name>
         <load_address>0x4ee4</load_address>
         <readonly>true</readonly>
         <executable>true</executable>
         <run_address>0x4ee4</run_address>
         <size>0x3a</size>
         <alignment>0x4</alignment>
         <input_file_ref idref="fl-107"/>
      </object_component>
      <object_component id="oc-131">
         <name>.text.Delay_ms</name>
         <load_address>0x4f20</load_address>
         <readonly>true</readonly>
         <executable>true</executable>
         <run_address>0x4f20</run_address>
         <size>0x38</size>
         <alignment>0x4</alignment>
         <input_file_ref idref="fl-a"/>
      </object_component>
      <object_component id="oc-125">
         <name>.text.SYSCFG_DL_TIMER_1_init</name>
         <load_address>0x4f58</load_address>
         <readonly>true</readonly>
         <executable>true</executable>
         <run_address>0x4f58</run_address>
         <size>0x38</size>
         <alignment>0x4</alignment>
         <input_file_ref idref="fl-3"/>
      </object_component>
      <object_component id="oc-126">
         <name>.text.SYSCFG_DL_TIMER_2_init</name>
         <load_address>0x4f90</load_address>
         <readonly>true</readonly>
         <executable>true</executable>
         <run_address>0x4f90</run_address>
         <size>0x38</size>
         <alignment>0x4</alignment>
         <input_file_ref idref="fl-3"/>
      </object_component>
      <object_component id="oc-be">
         <name>.text.UART_Interrupt_Init</name>
         <load_address>0x4fc8</load_address>
         <readonly>true</readonly>
         <executable>true</executable>
         <run_address>0x4fc8</run_address>
         <size>0x38</size>
         <alignment>0x4</alignment>
         <input_file_ref idref="fl-7"/>
      </object_component>
      <object_component id="oc-d7">
         <name>.text.__fixsfsi</name>
         <load_address>0x5000</load_address>
         <readonly>true</readonly>
         <executable>true</executable>
         <run_address>0x5000</run_address>
         <size>0x38</size>
         <alignment>0x4</alignment>
         <input_file_ref idref="fl-10c"/>
      </object_component>
      <object_component id="oc-142">
         <name>.text.rand</name>
         <load_address>0x5038</load_address>
         <readonly>true</readonly>
         <executable>true</executable>
         <run_address>0x5038</run_address>
         <size>0x38</size>
         <alignment>0x4</alignment>
         <input_file_ref idref="fl-39"/>
      </object_component>
      <object_component id="oc-3f">
         <name>.text.TIMG6_IRQHandler</name>
         <load_address>0x5070</load_address>
         <readonly>true</readonly>
         <executable>true</executable>
         <run_address>0x5070</run_address>
         <size>0x34</size>
         <alignment>0x4</alignment>
         <input_file_ref idref="fl-5"/>
      </object_component>
      <object_component id="oc-14d">
         <name>.text.DL_UART_transmitDataBlocking</name>
         <load_address>0x50a4</load_address>
         <readonly>true</readonly>
         <executable>true</executable>
         <run_address>0x50a4</run_address>
         <size>0x30</size>
         <alignment>0x4</alignment>
         <input_file_ref idref="fl-1c"/>
      </object_component>
      <object_component id="oc-12a">
         <name>.text.SYSCFG_DL_SYSTICK_init</name>
         <load_address>0x50d4</load_address>
         <readonly>true</readonly>
         <executable>true</executable>
         <run_address>0x50d4</run_address>
         <size>0x30</size>
         <alignment>0x4</alignment>
         <input_file_ref idref="fl-3"/>
      </object_component>
      <object_component id="oc-247">
         <name>.text._fcpy</name>
         <load_address>0x5104</load_address>
         <readonly>true</readonly>
         <executable>true</executable>
         <run_address>0x5104</run_address>
         <size>0x30</size>
         <alignment>0x2</alignment>
         <input_file_ref idref="fl-42"/>
      </object_component>
      <object_component id="oc-1b0">
         <name>.text._outs</name>
         <load_address>0x5134</load_address>
         <readonly>true</readonly>
         <executable>true</executable>
         <run_address>0x5134</run_address>
         <size>0x30</size>
         <alignment>0x2</alignment>
         <input_file_ref idref="fl-34"/>
      </object_component>
      <object_component id="oc-cc">
         <name>.text.PID_Handle_SW2_SwitchCalibIdx</name>
         <load_address>0x5164</load_address>
         <readonly>true</readonly>
         <executable>true</executable>
         <run_address>0x5164</run_address>
         <size>0x2c</size>
         <alignment>0x4</alignment>
         <input_file_ref idref="fl-6"/>
      </object_component>
      <object_component id="oc-44">
         <name>.text.TIMG12_IRQHandler</name>
         <load_address>0x5190</load_address>
         <readonly>true</readonly>
         <executable>true</executable>
         <run_address>0x5190</run_address>
         <size>0x2c</size>
         <alignment>0x4</alignment>
         <input_file_ref idref="fl-5"/>
      </object_component>
      <object_component id="oc-23c">
         <name>.text.__floatsidf</name>
         <load_address>0x51bc</load_address>
         <readonly>true</readonly>
         <executable>true</executable>
         <run_address>0x51bc</run_address>
         <size>0x2c</size>
         <alignment>0x4</alignment>
         <input_file_ref idref="fl-10d"/>
      </object_component>
      <object_component id="oc-c8">
         <name>.text.Motor_SetDirection</name>
         <load_address>0x51e8</load_address>
         <readonly>true</readonly>
         <executable>true</executable>
         <run_address>0x51e8</run_address>
         <size>0x28</size>
         <alignment>0x4</alignment>
         <input_file_ref idref="fl-5"/>
      </object_component>
      <object_component id="oc-3e">
         <name>.text.UART0_IRQHandler</name>
         <load_address>0x5210</load_address>
         <readonly>true</readonly>
         <executable>true</executable>
         <run_address>0x5210</run_address>
         <size>0x28</size>
         <alignment>0x4</alignment>
         <input_file_ref idref="fl-7"/>
      </object_component>
      <object_component id="oc-39">
         <name>.text.UART1_IRQHandler</name>
         <load_address>0x5238</load_address>
         <readonly>true</readonly>
         <executable>true</executable>
         <run_address>0x5238</run_address>
         <size>0x28</size>
         <alignment>0x4</alignment>
         <input_file_ref idref="fl-7"/>
      </object_component>
      <object_component id="oc-60">
         <name>.text:_c_int00_noargs</name>
         <load_address>0x5260</load_address>
         <readonly>true</readonly>
         <executable>true</executable>
         <run_address>0x5260</run_address>
         <size>0x28</size>
         <alignment>0x4</alignment>
         <input_file_ref idref="fl-3a"/>
      </object_component>
      <object_component id="oc-20b">
         <name>.text.__muldi3</name>
         <load_address>0x5288</load_address>
         <readonly>true</readonly>
         <executable>true</executable>
         <run_address>0x5288</run_address>
         <size>0x24</size>
         <alignment>0x4</alignment>
         <input_file_ref idref="fl-110"/>
      </object_component>
      <object_component id="oc-1fc">
         <name>.text.memccpy</name>
         <load_address>0x52ac</load_address>
         <readonly>true</readonly>
         <executable>true</executable>
         <run_address>0x52ac</run_address>
         <size>0x22</size>
         <alignment>0x2</alignment>
         <input_file_ref idref="fl-4d"/>
      </object_component>
      <object_component id="oc-25c">
         <name>.text.__ashldi3</name>
         <load_address>0x52d0</load_address>
         <readonly>true</readonly>
         <executable>true</executable>
         <run_address>0x52d0</run_address>
         <size>0x1e</size>
         <alignment>0x4</alignment>
         <input_file_ref idref="fl-11a"/>
      </object_component>
      <object_component id="oc-194">
         <name>.text.DL_Timer_setClockConfig</name>
         <load_address>0x52f0</load_address>
         <readonly>true</readonly>
         <executable>true</executable>
         <run_address>0x52f0</run_address>
         <size>0x1c</size>
         <alignment>0x4</alignment>
         <input_file_ref idref="fl-1b"/>
      </object_component>
      <object_component id="oc-b8">
         <name>.text.lcd_ui_init</name>
         <load_address>0x530c</load_address>
         <readonly>true</readonly>
         <executable>true</executable>
         <run_address>0x530c</run_address>
         <size>0x1c</size>
         <alignment>0x4</alignment>
         <input_file_ref idref="fl-8"/>
      </object_component>
      <object_component id="oc-cd">
         <name>.text.PID_Handle_SW4_Stop</name>
         <load_address>0x5328</load_address>
         <readonly>true</readonly>
         <executable>true</executable>
         <run_address>0x5328</run_address>
         <size>0x18</size>
         <alignment>0x4</alignment>
         <input_file_ref idref="fl-6"/>
      </object_component>
      <object_component id="oc-14c">
         <name>.text.PID_SaveCalibrationPoint</name>
         <load_address>0x5340</load_address>
         <readonly>true</readonly>
         <executable>true</executable>
         <run_address>0x5340</run_address>
         <size>0x18</size>
         <alignment>0x4</alignment>
         <input_file_ref idref="fl-6"/>
      </object_component>
      <object_component id="oc-1b1">
         <name>.text._outc</name>
         <load_address>0x5358</load_address>
         <readonly>true</readonly>
         <executable>true</executable>
         <run_address>0x5358</run_address>
         <size>0x18</size>
         <alignment>0x2</alignment>
         <input_file_ref idref="fl-34"/>
      </object_component>
      <object_component id="oc-57">
         <name>.text:decompress:ZI:__TI_zero_init_nomemset</name>
         <load_address>0x5370</load_address>
         <readonly>true</readonly>
         <executable>true</executable>
         <run_address>0x5370</run_address>
         <size>0x16</size>
         <alignment>0x2</alignment>
         <input_file_ref idref="fl-3f"/>
      </object_component>
      <object_component id="oc-c7">
         <name>.text.Motor_IsRunning</name>
         <load_address>0x5388</load_address>
         <readonly>true</readonly>
         <executable>true</executable>
         <run_address>0x5388</run_address>
         <size>0x14</size>
         <alignment>0x4</alignment>
         <input_file_ref idref="fl-5"/>
      </object_component>
      <object_component id="oc-ab">
         <name>.text.Motor_Timer_Init</name>
         <load_address>0x539c</load_address>
         <readonly>true</readonly>
         <executable>true</executable>
         <run_address>0x539c</run_address>
         <size>0x14</size>
         <alignment>0x4</alignment>
         <input_file_ref idref="fl-5"/>
      </object_component>
      <object_component id="oc-34">
         <name>.text.SysTick_Handler</name>
         <load_address>0x53b0</load_address>
         <readonly>true</readonly>
         <executable>true</executable>
         <run_address>0x53b0</run_address>
         <size>0x14</size>
         <alignment>0x4</alignment>
         <input_file_ref idref="fl-a"/>
      </object_component>
      <object_component id="oc-210">
         <name>.text.__aeabi_uldivmod</name>
         <load_address>0x53c4</load_address>
         <readonly>true</readonly>
         <executable>true</executable>
         <run_address>0x53c4</run_address>
         <size>0x14</size>
         <alignment>0x4</alignment>
         <input_file_ref idref="fl-117"/>
      </object_component>
      <object_component id="oc-245">
         <name>.text.strchr</name>
         <load_address>0x53d8</load_address>
         <readonly>true</readonly>
         <executable>true</executable>
         <run_address>0x53d8</run_address>
         <size>0x14</size>
         <alignment>0x2</alignment>
         <input_file_ref idref="fl-42"/>
      </object_component>
      <object_component id="oc-136">
         <name>.text.tft180_set_color</name>
         <load_address>0x53ec</load_address>
         <readonly>true</readonly>
         <executable>true</executable>
         <run_address>0x53ec</run_address>
         <size>0x14</size>
         <alignment>0x4</alignment>
         <input_file_ref idref="fl-9"/>
      </object_component>
      <object_component id="oc-1a5">
         <name>.text.DL_SPI_setClockConfig</name>
         <load_address>0x5400</load_address>
         <readonly>true</readonly>
         <executable>true</executable>
         <run_address>0x5400</run_address>
         <size>0x12</size>
         <alignment>0x2</alignment>
         <input_file_ref idref="fl-1a"/>
      </object_component>
      <object_component id="oc-19f">
         <name>.text.DL_UART_setClockConfig</name>
         <load_address>0x5412</load_address>
         <readonly>true</readonly>
         <executable>true</executable>
         <run_address>0x5412</run_address>
         <size>0x12</size>
         <alignment>0x2</alignment>
         <input_file_ref idref="fl-1c"/>
      </object_component>
      <object_component id="oc-20">
         <name>.text:decompress:none</name>
         <load_address>0x5424</load_address>
         <readonly>true</readonly>
         <executable>true</executable>
         <run_address>0x5424</run_address>
         <size>0x12</size>
         <alignment>0x2</alignment>
         <input_file_ref idref="fl-40"/>
      </object_component>
      <object_component id="oc-207">
         <name>.text.wcslen</name>
         <load_address>0x5436</load_address>
         <readonly>true</readonly>
         <executable>true</executable>
         <run_address>0x5436</run_address>
         <size>0x10</size>
         <alignment>0x2</alignment>
         <input_file_ref idref="fl-50"/>
      </object_component>
      <object_component id="oc-1fb">
         <name>.text.__aeabi_memset</name>
         <load_address>0x5448</load_address>
         <readonly>true</readonly>
         <executable>true</executable>
         <run_address>0x5448</run_address>
         <size>0xe</size>
         <alignment>0x4</alignment>
         <input_file_ref idref="fl-115"/>
      </object_component>
      <object_component id="oc-1fa">
         <name>.text.strlen</name>
         <load_address>0x5456</load_address>
         <readonly>true</readonly>
         <executable>true</executable>
         <run_address>0x5456</run_address>
         <size>0xe</size>
         <alignment>0x2</alignment>
         <input_file_ref idref="fl-42"/>
      </object_component>
      <object_component id="oc-c3">
         <name>.text.DL_Common_delayCycles</name>
         <load_address>0x5464</load_address>
         <readonly>true</readonly>
         <executable>true</executable>
         <run_address>0x5464</run_address>
         <size>0xa</size>
         <alignment>0x2</alignment>
         <input_file_ref idref="fl-19"/>
      </object_component>
      <object_component id="oc-240">
         <name>.text.OUTLINED_FUNCTION_0</name>
         <load_address>0x546e</load_address>
         <readonly>true</readonly>
         <executable>true</executable>
         <run_address>0x546e</run_address>
         <size>0xa</size>
         <alignment>0x2</alignment>
         <input_file_ref idref="fl-42"/>
      </object_component>
      <object_component id="oc-2b9">
         <name>.tramp.__aeabi_dsub.1</name>
         <load_address>0x5478</load_address>
         <readonly>true</readonly>
         <executable>true</executable>
         <run_address>0x5478</run_address>
         <size>0x10</size>
         <alignment>0x4</alignment>
         <input_file_ref idref="fl-105"/>
      </object_component>
      <object_component id="oc-25a">
         <name>.text.OUTLINED_FUNCTION_1</name>
         <load_address>0x5488</load_address>
         <readonly>true</readonly>
         <executable>true</executable>
         <run_address>0x5488</run_address>
         <size>0xa</size>
         <alignment>0x2</alignment>
         <input_file_ref idref="fl-42"/>
      </object_component>
      <object_component id="oc-1d1">
         <name>.text.__aeabi_errno_addr</name>
         <load_address>0x5494</load_address>
         <readonly>true</readonly>
         <executable>true</executable>
         <run_address>0x5494</run_address>
         <size>0x8</size>
         <alignment>0x4</alignment>
         <input_file_ref idref="fl-35"/>
      </object_component>
      <object_component id="oc-50">
         <name>.text.__aeabi_memcpy</name>
         <load_address>0x549c</load_address>
         <readonly>true</readonly>
         <executable>true</executable>
         <run_address>0x549c</run_address>
         <size>0x8</size>
         <alignment>0x4</alignment>
         <input_file_ref idref="fl-114"/>
      </object_component>
      <object_component id="oc-fb">
         <name>.text:abort</name>
         <load_address>0x54a4</load_address>
         <readonly>true</readonly>
         <executable>true</executable>
         <run_address>0x54a4</run_address>
         <size>0x6</size>
         <alignment>0x2</alignment>
         <input_file_ref idref="fl-48"/>
      </object_component>
      <object_component id="oc-180">
         <name>.text.HOSTexit</name>
         <load_address>0x54aa</load_address>
         <readonly>true</readonly>
         <executable>true</executable>
         <run_address>0x54aa</run_address>
         <size>0x4</size>
         <alignment>0x2</alignment>
         <input_file_ref idref="fl-f4"/>
      </object_component>
      <object_component id="oc-2f">
         <name>.text.Reset_Handler</name>
         <load_address>0x54ae</load_address>
         <readonly>true</readonly>
         <executable>true</executable>
         <run_address>0x54ae</run_address>
         <size>0x4</size>
         <alignment>0x2</alignment>
         <input_file_ref idref="fl-4"/>
      </object_component>
      <object_component id="oc-7d">
         <name>.text._system_pre_init</name>
         <load_address>0x54b2</load_address>
         <readonly>true</readonly>
         <executable>true</executable>
         <run_address>0x54b2</run_address>
         <size>0x4</size>
         <alignment>0x2</alignment>
         <input_file_ref idref="fl-3d"/>
      </object_component>
      <object_component id="oc-2b5">
         <name>.cinit..data.load</name>
         <load_address>0x6070</load_address>
         <readonly>true</readonly>
         <run_address>0x6070</run_address>
         <size>0x9c</size>
         <alignment>0x1</alignment>
      </object_component>
      <object_component id="oc-2b3">
         <name>__TI_handler_table</name>
         <load_address>0x610c</load_address>
         <readonly>true</readonly>
         <run_address>0x610c</run_address>
         <size>0xc</size>
         <alignment>0x4</alignment>
      </object_component>
      <object_component id="oc-2b6">
         <name>.cinit..bss.load</name>
         <load_address>0x6118</load_address>
         <readonly>true</readonly>
         <run_address>0x6118</run_address>
         <size>0x8</size>
         <alignment>0x4</alignment>
      </object_component>
      <object_component id="oc-2b4">
         <name>__TI_cinit_table</name>
         <load_address>0x6120</load_address>
         <readonly>true</readonly>
         <run_address>0x6120</run_address>
         <size>0x10</size>
         <alignment>0x4</alignment>
      </object_component>
      <object_component id="oc-1b4">
         <name>.rodata.ascii_font_8x16</name>
         <load_address>0x54c0</load_address>
         <readonly>true</readonly>
         <run_address>0x54c0</run_address>
         <size>0x5f0</size>
         <alignment>0x1</alignment>
         <input_file_ref idref="fl-b"/>
      </object_component>
      <object_component id="oc-1b6">
         <name>.rodata.ascii_font_6x8</name>
         <load_address>0x5ab0</load_address>
         <readonly>true</readonly>
         <run_address>0x5ab0</run_address>
         <size>0x228</size>
         <alignment>0x1</alignment>
         <input_file_ref idref="fl-b"/>
      </object_component>
      <object_component id="oc-17d">
         <name>.rodata.str1.11822412164550770238.1</name>
         <load_address>0x5cd8</load_address>
         <readonly>true</readonly>
         <run_address>0x5cd8</run_address>
         <size>0x8</size>
         <alignment>0x1</alignment>
         <input_file_ref idref="fl-2"/>
      </object_component>
      <object_component id="oc-21f">
         <name>.rodata:__aeabi_ctype_table_</name>
         <load_address>0x5ce0</load_address>
         <readonly>true</readonly>
         <run_address>0x5ce0</run_address>
         <size>0x101</size>
         <alignment>0x10</alignment>
         <input_file_ref idref="fl-53"/>
      </object_component>
      <object_component id="oc-19b">
         <name>.rodata.gTIMER_1ClockConfig</name>
         <load_address>0x5de1</load_address>
         <readonly>true</readonly>
         <run_address>0x5de1</run_address>
         <size>0x3</size>
         <alignment>0x1</alignment>
         <input_file_ref idref="fl-3"/>
      </object_component>
      <object_component id="oc-e6">
         <name>.rodata..L__const.main.state_str</name>
         <load_address>0x5de4</load_address>
         <readonly>true</readonly>
         <run_address>0x5de4</run_address>
         <size>0x1c</size>
         <alignment>0x4</alignment>
         <input_file_ref idref="fl-2"/>
      </object_component>
      <object_component id="oc-d1">
         <name>.rodata.str1.9517790425240694019.1</name>
         <load_address>0x5e00</load_address>
         <readonly>true</readonly>
         <run_address>0x5e00</run_address>
         <size>0x1b</size>
         <alignment>0x1</alignment>
         <input_file_ref idref="fl-2"/>
      </object_component>
      <object_component id="oc-19c">
         <name>.rodata.gTIMER_1TimerConfig</name>
         <load_address>0x5e1c</load_address>
         <readonly>true</readonly>
         <run_address>0x5e1c</run_address>
         <size>0x14</size>
         <alignment>0x4</alignment>
         <input_file_ref idref="fl-3"/>
      </object_component>
      <object_component id="oc-19e">
         <name>.rodata.gTIMER_2TimerConfig</name>
         <load_address>0x5e30</load_address>
         <readonly>true</readonly>
         <run_address>0x5e30</run_address>
         <size>0x14</size>
         <alignment>0x4</alignment>
         <input_file_ref idref="fl-3"/>
      </object_component>
      <object_component id="oc-ea">
         <name>.rodata.str1.17676052816137622666.1</name>
         <load_address>0x5e44</load_address>
         <readonly>true</readonly>
         <run_address>0x5e44</run_address>
         <size>0x13</size>
         <alignment>0x1</alignment>
         <input_file_ref idref="fl-2"/>
      </object_component>
      <object_component id="oc-ef">
         <name>.rodata.str1.5100843677217179155.1</name>
         <load_address>0x5e57</load_address>
         <readonly>true</readonly>
         <run_address>0x5e57</run_address>
         <size>0x13</size>
         <alignment>0x1</alignment>
         <input_file_ref idref="fl-2"/>
      </object_component>
      <object_component id="oc-f8">
         <name>.rodata.str1.9488353182382806522.1</name>
         <load_address>0x5e6a</load_address>
         <readonly>true</readonly>
         <run_address>0x5e6a</run_address>
         <size>0x13</size>
         <alignment>0x1</alignment>
         <input_file_ref idref="fl-2"/>
      </object_component>
      <object_component id="oc-f5">
         <name>.rodata.str1.10059295903439925133.1</name>
         <load_address>0x5e7d</load_address>
         <readonly>true</readonly>
         <run_address>0x5e7d</run_address>
         <size>0x12</size>
         <alignment>0x1</alignment>
         <input_file_ref idref="fl-2"/>
      </object_component>
      <object_component id="oc-f2">
         <name>.rodata.str1.101204432782223354.1</name>
         <load_address>0x5e8f</load_address>
         <readonly>true</readonly>
         <run_address>0x5e8f</run_address>
         <size>0x12</size>
         <alignment>0x1</alignment>
         <input_file_ref idref="fl-2"/>
      </object_component>
      <object_component id="oc-ed">
         <name>.rodata.str1.1253969330244694382.1</name>
         <load_address>0x5ea1</load_address>
         <readonly>true</readonly>
         <run_address>0x5ea1</run_address>
         <size>0x12</size>
         <alignment>0x1</alignment>
         <input_file_ref idref="fl-2"/>
      </object_component>
      <object_component id="oc-f1">
         <name>.rodata.str1.15486159998237592746.1</name>
         <load_address>0x5eb3</load_address>
         <readonly>true</readonly>
         <run_address>0x5eb3</run_address>
         <size>0x12</size>
         <alignment>0x1</alignment>
         <input_file_ref idref="fl-2"/>
      </object_component>
      <object_component id="oc-f7">
         <name>.rodata.str1.17102900359786703537.1</name>
         <load_address>0x5ec5</load_address>
         <readonly>true</readonly>
         <run_address>0x5ec5</run_address>
         <size>0x12</size>
         <alignment>0x1</alignment>
         <input_file_ref idref="fl-2"/>
      </object_component>
      <object_component id="oc-f3">
         <name>.rodata.str1.18230774644621384456.1</name>
         <load_address>0x5ed7</load_address>
         <readonly>true</readonly>
         <run_address>0x5ed7</run_address>
         <size>0x12</size>
         <alignment>0x1</alignment>
         <input_file_ref idref="fl-2"/>
      </object_component>
      <object_component id="oc-f0">
         <name>.rodata.str1.6969777895189110550.1</name>
         <load_address>0x5ee9</load_address>
         <readonly>true</readonly>
         <run_address>0x5ee9</run_address>
         <size>0x12</size>
         <alignment>0x1</alignment>
[...]
         <object_component_ref idref="oc-bf"/>
      </symbol>
      <symbol id="sm-1b4">
         <name>tft180_init</name>
         <value>0xc1</value>
         <object_component_ref idref="oc-b2"/>
      </symbol>
      <symbol id="sm-1c2">
         <name>Delay_ms</name>
         <value>0x4f21</value>
         <object_component_ref idref="oc-131"/>
      </symbol>
      <symbol id="sm-1c3">
         <name>delay_times</name>
         <value>0x202002b4</value>
         <object_component_ref idref="oc-67"/>
      </symbol>
      <symbol id="sm-1c4">
         <name>SysTick_Handler</name>
         <value>0x53b1</value>
         <object_component_ref idref="oc-34"/>
      </symbol>
      <symbol id="sm-1c9">
         <name>ascii_font_6x8</name>
         <value>0x5ab0</value>
         <object_component_ref idref="oc-1b6"/>
      </symbol>
      <symbol id="sm-1ca">
         <name>ascii_font_8x16</name>
         <value>0x54c0</value>
         <object_component_ref idref="oc-1b4"/>
      </symbol>
      <symbol id="sm-1cb">
         <name>__TI_ATRegion0_src_addr</name>
         <value>0x0</value>
      </symbol>
      <symbol id="sm-1cc">
         <name>__TI_ATRegion0_trg_addr</name>
         <value>0x0</value>
      </symbol>
      <symbol id="sm-1cd">
         <name>__TI_ATRegion0_region_sz</name>
         <value>0x0</value>
      </symbol>
      <symbol id="sm-1ce">
         <name>__TI_ATRegion1_src_addr</name>
         <value>0x0</value>
      </symbol>
      <symbol id="sm-1cf">
         <name>__TI_ATRegion1_trg_addr</name>
         <value>0x0</value>
      </symbol>
      <symbol id="sm-1d0">
         <name>__TI_ATRegion1_region_sz</name>
         <value>0x0</value>
      </symbol>
      <symbol id="sm-1d1">
         <name>__TI_ATRegion2_src_addr</name>
         <value>0x0</value>
      </symbol>
      <symbol id="sm-1d2">
         <name>__TI_ATRegion2_trg_addr</name>
         <value>0x0</value>
      </symbol>
      <symbol id="sm-1d3">
         <name>__TI_ATRegion2_region_sz</name>
         <value>0x0</value>
      </symbol>
      <symbol id="sm-1dc">
         <name>DL_Common_delayCycles</name>
         <value>0x5465</value>
         <object_component_ref idref="oc-c3"/>
      </symbol>
      <symbol id="sm-1e9">
         <name>DL_SPI_init</name>
         <value>0x4c75</value>
         <object_component_ref idref="oc-1ab"/>
      </symbol>
      <symbol id="sm-1ea">
         <name>DL_SPI_setClockConfig</name>
         <value>0x5401</value>
         <object_component_ref idref="oc-1a5"/>
      </symbol>
      <symbol id="sm-1fa">
         <name>DL_Timer_setClockConfig</name>
         <value>0x52f1</value>
         <object_component_ref idref="oc-194"/>
      </symbol>
      <symbol id="sm-1fb">
         <name>DL_Timer_initTimerMode</name>
         <value>0x3875</value>
         <object_component_ref idref="oc-19a"/>
      </symbol>
      <symbol id="sm-20b">
         <name>DL_UART_init</name>
         <value>0x4c2d</value>
         <object_component_ref idref="oc-1a0"/>
      </symbol>
      <symbol id="sm-20c">
         <name>DL_UART_setClockConfig</name>
         <value>0x5413</value>
         <object_component_ref idref="oc-19f"/>
      </symbol>
      <symbol id="sm-20d">
         <name>DL_UART_transmitDataBlocking</name>
         <value>0x50a5</value>
         <object_component_ref idref="oc-14d"/>
      </symbol>
      <symbol id="sm-217">
         <name>sqrtf</name>
         <value>0x3f01</value>
         <object_component_ref idref="oc-16d"/>
      </symbol>
      <symbol id="sm-228">
         <name>vsnprintf</name>
         <value>0x4d79</value>
         <object_component_ref idref="oc-13b"/>
      </symbol>
      <symbol id="sm-233">
         <name>__aeabi_errno_addr</name>
         <value>0x5495</value>
         <object_component_ref idref="oc-1d1"/>
      </symbol>
      <symbol id="sm-234">
         <name>__aeabi_errno</name>
         <value>0x202002a8</value>
         <object_component_ref idref="oc-1f6"/>
      </symbol>
      <symbol id="sm-244">
         <name>rand</name>
         <value>0x5039</value>
         <object_component_ref idref="oc-142"/>
      </symbol>
      <symbol id="sm-24f">
         <name>_c_int00_noargs</name>
         <value>0x5261</value>
         <object_component_ref idref="oc-60"/>
      </symbol>
      <symbol id="sm-250">
         <name>__stack</name>
         <value>0x20207e00</value>
         <object_component_ref idref="oc-1a"/>
      </symbol>
      <symbol id="sm-25c">
         <name>__TI_auto_init_nobinit_nopinit</name>
         <value>0x4e6d</value>
         <object_component_ref idref="oc-102"/>
      </symbol>
      <symbol id="sm-264">
         <name>_system_pre_init</name>
         <value>0x54b3</value>
         <object_component_ref idref="oc-7d"/>
      </symbol>
      <symbol id="sm-26f">
         <name>__TI_zero_init_nomemset</name>
         <value>0x5371</value>
         <object_component_ref idref="oc-57"/>
      </symbol>
      <symbol id="sm-278">
         <name>__TI_decompress_none</name>
         <value>0x5425</value>
         <object_component_ref idref="oc-20"/>
      </symbol>
      <symbol id="sm-283">
         <name>__TI_decompress_lzss</name>
         <value>0x4375</value>
         <object_component_ref idref="oc-1c"/>
      </symbol>
      <symbol id="sm-2cc">
         <name>__TI_printfi</name>
         <value>0xf2d</value>
         <object_component_ref idref="oc-1ef"/>
      </symbol>
      <symbol id="sm-2db">
         <name>abort</name>
         <value>0x54a5</value>
         <object_component_ref idref="oc-fb"/>
      </symbol>
      <symbol id="sm-2e4">
         <name>_nop</name>
         <value>0x42f7</value>
         <object_component_ref idref="oc-1db"/>
      </symbol>
      <symbol id="sm-2e5">
         <name>_lock</name>
         <value>0x202002ac</value>
         <object_component_ref idref="oc-186"/>
      </symbol>
      <symbol id="sm-2e6">
         <name>_unlock</name>
         <value>0x202002b0</value>
         <object_component_ref idref="oc-189"/>
      </symbol>
      <symbol id="sm-2ef">
         <name>__TI_ltoa</name>
         <value>0x499d</value>
         <object_component_ref idref="oc-238"/>
      </symbol>
      <symbol id="sm-2fa">
         <name>atoi</name>
         <value>0x4d39</value>
         <object_component_ref idref="oc-203"/>
      </symbol>
      <symbol id="sm-303">
         <name>memccpy</name>
         <value>0x52ad</value>
         <object_component_ref idref="oc-1fc"/>
      </symbol>
      <symbol id="sm-30d">
         <name>frexp</name>
         <value>0x4941</value>
         <object_component_ref idref="oc-22c"/>
      </symbol>
      <symbol id="sm-30e">
         <name>frexpl</name>
         <value>0x4941</value>
         <object_component_ref idref="oc-22c"/>
      </symbol>
      <symbol id="sm-318">
         <name>scalbn</name>
         <value>0x3a55</value>
         <object_component_ref idref="oc-230"/>
      </symbol>
      <symbol id="sm-319">
         <name>ldexp</name>
         <value>0x3a55</value>
         <object_component_ref idref="oc-230"/>
      </symbol>
      <symbol id="sm-31a">
         <name>scalbnl</name>
         <value>0x3a55</value>
         <object_component_ref idref="oc-230"/>
      </symbol>
      <symbol id="sm-31b">
         <name>ldexpl</name>
         <value>0x3a55</value>
         <object_component_ref idref="oc-230"/>
      </symbol>
      <symbol id="sm-324">
         <name>wcslen</name>
         <value>0x5437</value>
         <object_component_ref idref="oc-207"/>
      </symbol>
      <symbol id="sm-327">
         <name>__aeabi_ctype_table_</name>
         <value>0x5ce0</value>
         <object_component_ref idref="oc-21f"/>
      </symbol>
      <symbol id="sm-328">
         <name>__aeabi_ctype_table_C</name>
         <value>0x5ce0</value>
         <object_component_ref idref="oc-21f"/>
      </symbol>
      <symbol id="sm-331">
         <name>HOSTexit</name>
         <value>0x54ab</value>
         <object_component_ref idref="oc-180"/>
      </symbol>
      <symbol id="sm-332">
         <name>C$$EXIT</name>
         <value>0x54aa</value>
         <object_component_ref idref="oc-180"/>
      </symbol>
      <symbol id="sm-347">
         <name>__aeabi_fadd</name>
         <value>0x3b37</value>
         <object_component_ref idref="oc-161"/>
      </symbol>
      <symbol id="sm-348">
         <name>__addsf3</name>
         <value>0x3b37</value>
         <object_component_ref idref="oc-161"/>
      </symbol>
      <symbol id="sm-349">
         <name>__aeabi_fsub</name>
         <value>0x3b2d</value>
         <object_component_ref idref="oc-161"/>
      </symbol>
      <symbol id="sm-34a">
         <name>__subsf3</name>
         <value>0x3b2d</value>
         <object_component_ref idref="oc-161"/>
      </symbol>
      <symbol id="sm-350">
         <name>__aeabi_dadd</name>
         <value>0x30f3</value>
         <object_component_ref idref="oc-255"/>
      </symbol>
      <symbol id="sm-351">
         <name>__adddf3</name>
         <value>0x30f3</value>
         <object_component_ref idref="oc-255"/>
      </symbol>
      <symbol id="sm-352">
         <name>__aeabi_dsub</name>
         <value>0x30e9</value>
         <object_component_ref idref="oc-255"/>
      </symbol>
      <symbol id="sm-353">
         <name>__subdf3</name>
         <value>0x30e9</value>
         <object_component_ref idref="oc-255"/>
      </symbol>
      <symbol id="sm-35c">
         <name>__aeabi_dmul</name>
         <value>0x3971</value>
         <object_component_ref idref="oc-241"/>
      </symbol>
      <symbol id="sm-35d">
         <name>__muldf3</name>
         <value>0x3971</value>
         <object_component_ref idref="oc-241"/>
      </symbol>
      <symbol id="sm-363">
         <name>__muldsi3</name>
         <value>0x4ee5</value>
         <object_component_ref idref="oc-1cb"/>
      </symbol>
      <symbol id="sm-369">
         <name>__aeabi_fmul</name>
         <value>0x4161</value>
         <object_component_ref idref="oc-165"/>
      </symbol>
      <symbol id="sm-36a">
         <name>__mulsf3</name>
         <value>0x4161</value>
         <object_component_ref idref="oc-165"/>
      </symbol>
      <symbol id="sm-370">
         <name>__aeabi_fdiv</name>
         <value>0x4275</value>
         <object_component_ref idref="oc-169"/>
      </symbol>
      <symbol id="sm-371">
         <name>__divsf3</name>
         <value>0x4275</value>
         <object_component_ref idref="oc-169"/>
      </symbol>
      <symbol id="sm-377">
         <name>__aeabi_ddiv</name>
         <value>0x3769</value>
         <object_component_ref idref="oc-251"/>
      </symbol>
      <symbol id="sm-378">
         <name>__divdf3</name>
         <value>0x3769</value>
         <object_component_ref idref="oc-251"/>
      </symbol>
      <symbol id="sm-37e">
         <name>__aeabi_d2iz</name>
         <value>0x4be1</value>
         <object_component_ref idref="oc-234"/>
      </symbol>
      <symbol id="sm-37f">
         <name>__fixdfsi</name>
         <value>0x4be1</value>
         <object_component_ref idref="oc-234"/>
      </symbol>
      <symbol id="sm-385">
         <name>__aeabi_f2iz</name>
         <value>0x5001</value>
         <object_component_ref idref="oc-d7"/>
      </symbol>
      <symbol id="sm-386">
         <name>__fixsfsi</name>
         <value>0x5001</value>
         <object_component_ref idref="oc-d7"/>
      </symbol>
      <symbol id="sm-38c">
         <name>__aeabi_i2d</name>
         <value>0x51bd</value>
         <object_component_ref idref="oc-23c"/>
      </symbol>
      <symbol id="sm-38d">
         <name>__floatsidf</name>
         <value>0x51bd</value>
         <object_component_ref idref="oc-23c"/>
      </symbol>
      <symbol id="sm-393">
         <name>__aeabi_i2f</name>
         <value>0x4df5</value>
         <object_component_ref idref="oc-148"/>
      </symbol>
      <symbol id="sm-394">
         <name>__floatsisf</name>
         <value>0x4df5</value>
         <object_component_ref idref="oc-148"/>
      </symbol>
      <symbol id="sm-39a">
         <name>__aeabi_lmul</name>
         <value>0x5289</value>
         <object_component_ref idref="oc-20b"/>
      </symbol>
      <symbol id="sm-39b">
         <name>__muldi3</name>
         <value>0x5289</value>
         <object_component_ref idref="oc-20b"/>
      </symbol>
      <symbol id="sm-3a1">
         <name>__aeabi_dcmpeq</name>
         <value>0x47b9</value>
         <object_component_ref idref="oc-215"/>
      </symbol>
      <symbol id="sm-3a2">
         <name>__aeabi_dcmplt</name>
         <value>0x47cd</value>
         <object_component_ref idref="oc-215"/>
      </symbol>
      <symbol id="sm-3a3">
         <name>__aeabi_dcmple</name>
         <value>0x47e1</value>
         <object_component_ref idref="oc-215"/>
      </symbol>
      <symbol id="sm-3a4">
         <name>__aeabi_dcmpge</name>
         <value>0x47f5</value>
         <object_component_ref idref="oc-215"/>
      </symbol>
      <symbol id="sm-3a5">
         <name>__aeabi_dcmpgt</name>
         <value>0x4809</value>
         <object_component_ref idref="oc-215"/>
      </symbol>
      <symbol id="sm-3ab">
         <name>__aeabi_fcmpeq</name>
         <value>0x481d</value>
         <object_component_ref idref="oc-15d"/>
      </symbol>
      <symbol id="sm-3ac">
         <name>__aeabi_fcmplt</name>
         <value>0x4831</value>
         <object_component_ref idref="oc-15d"/>
      </symbol>
      <symbol id="sm-3ad">
         <name>__aeabi_fcmple</name>
         <value>0x4845</value>
         <object_component_ref idref="oc-15d"/>
      </symbol>
      <symbol id="sm-3ae">
         <name>__aeabi_fcmpge</name>
         <value>0x4859</value>
         <object_component_ref idref="oc-15d"/>
      </symbol>
      <symbol id="sm-3af">
         <name>__aeabi_fcmpgt</name>
         <value>0x486d</value>
         <object_component_ref idref="oc-15d"/>
      </symbol>
      <symbol id="sm-3b5">
         <name>__aeabi_idiv</name>
         <value>0x4a4d</value>
         <object_component_ref idref="oc-1bd"/>
      </symbol>
      <symbol id="sm-3b6">
         <name>__aeabi_idivmod</name>
         <value>0x4a4d</value>
         <object_component_ref idref="oc-1bd"/>
      </symbol>
      <symbol id="sm-3bc">
         <name>__aeabi_memcpy</name>
         <value>0x549d</value>
         <object_component_ref idref="oc-50"/>
      </symbol>
      <symbol id="sm-3bd">
         <name>__aeabi_memcpy4</name>
         <value>0x549d</value>
         <object_component_ref idref="oc-50"/>
      </symbol>
      <symbol id="sm-3be">
         <name>__aeabi_memcpy8</name>
         <value>0x549d</value>
         <object_component_ref idref="oc-50"/>
      </symbol>
      <symbol id="sm-3c5">
         <name>__aeabi_memset</name>
         <value>0x5449</value>
         <object_component_ref idref="oc-1fb"/>
      </symbol>
      <symbol id="sm-3c6">
         <name>__aeabi_memset4</name>
         <value>0x5449</value>
         <object_component_ref idref="oc-1fb"/>
      </symbol>
      <symbol id="sm-3c7">
         <name>__aeabi_memset8</name>
         <value>0x5449</value>
         <object_component_ref idref="oc-1fb"/>
      </symbol>
      <symbol id="sm-3cd">
         <name>__aeabi_uidiv</name>
         <value>0x4cf9</value>
         <object_component_ref idref="oc-98"/>
      </symbol>
      <symbol id="sm-3ce">
         <name>__aeabi_uidivmod</name>
         <value>0x4cf9</value>
         <object_component_ref idref="oc-98"/>
      </symbol>
      <symbol id="sm-3d4">
         <name>__aeabi_uldivmod</name>
         <value>0x53c5</value>
         <object_component_ref idref="oc-210"/>
      </symbol>
      <symbol id="sm-3dd">
         <name>__eqsf2</name>
         <value>0x4ea9</value>
         <object_component_ref idref="oc-1c3"/>
      </symbol>
      <symbol id="sm-3de">
         <name>__lesf2</name>
         <value>0x4ea9</value>
         <object_component_ref idref="oc-1c3"/>
      </symbol>
      <symbol id="sm-3df">
         <name>__ltsf2</name>
         <value>0x4ea9</value>
         <object_component_ref idref="oc-1c3"/>
      </symbol>
      <symbol id="sm-3e0">
         <name>__nesf2</name>
         <value>0x4ea9</value>
         <object_component_ref idref="oc-1c3"/>
      </symbol>
      <symbol id="sm-3e1">
         <name>__cmpsf2</name>
         <value>0x4ea9</value>
         <object_component_ref idref="oc-1c3"/>
      </symbol>
      <symbol id="sm-3e2">
         <name>__gtsf2</name>
         <value>0x4e31</value>
         <object_component_ref idref="oc-1c8"/>
      </symbol>
      <symbol id="sm-3e3">
         <name>__gesf2</name>
         <value>0x4e31</value>
         <object_component_ref idref="oc-1c8"/>
      </symbol>
      <symbol id="sm-3e9">
         <name>__udivmoddi4</name>
         <value>0x3e5d</value>
         <object_component_ref idref="oc-227"/>
      </symbol>
      <symbol id="sm-3ef">
         <name>__aeabi_llsl</name>
         <value>0x52d1</value>
         <object_component_ref idref="oc-25c"/>
      </symbol>
      <symbol id="sm-3f0">
         <name>__ashldi3</name>
         <value>0x52d1</value>
         <object_component_ref idref="oc-25c"/>
      </symbol>
      <symbol id="sm-3fe">
         <name>__ledf2</name>
         <value>0x4621</value>
         <object_component_ref idref="oc-249"/>
      </symbol>
      <symbol id="sm-3ff">
         <name>__gedf2</name>
         <value>0x4469</value>
         <object_component_ref idref="oc-24f"/>
      </symbol>
      <symbol id="sm-400">
         <name>__cmpdf2</name>
         <value>0x4621</value>
         <object_component_ref idref="oc-249"/>
      </symbol>
      <symbol id="sm-401">
         <name>__eqdf2</name>
         <value>0x4621</value>
         <object_component_ref idref="oc-249"/>
      </symbol>
      <symbol id="sm-402">
         <name>__ltdf2</name>
         <value>0x4621</value>
         <object_component_ref idref="oc-249"/>
      </symbol>
      <symbol id="sm-403">
         <name>__nedf2</name>
         <value>0x4621</value>
         <object_component_ref idref="oc-249"/>
      </symbol>
      <symbol id="sm-404">
         <name>__gtdf2</name>
         <value>0x4469</value>
         <object_component_ref idref="oc-24f"/>
      </symbol>
      <symbol id="sm-410">
         <name>__aeabi_idiv0</name>
         <value>0x3eff</value>
         <object_component_ref idref="oc-114"/>
      </symbol>
      <symbol id="sm-411">
         <name>__aeabi_ldiv0</name>
         <value>0x40cf</value>
         <object_component_ref idref="oc-25b"/>
      </symbol>
      <symbol id="sm-42b">
         <name>memcpy</name>
         <value>0x3fa1</value>
         <object_component_ref idref="oc-a1"/>
      </symbol>
      <symbol id="sm-43a">
         <name>memset</name>
         <value>0x487f</value>
         <object_component_ref idref="oc-120"/>
      </symbol>
      <symbol id="sm-43b">
         <name>__TI_static_base__</name>
         <value>0x0</value>
      </symbol>
      <symbol id="sm-43f">
         <name>__mpu_init</name>
         <value>0x0</value>
      </symbol>
      <symbol id="sm-440">
         <name>_system_post_cinit</name>
         <value>0x0</value>
      </symbol>
   </symbol_table>
   <title>Link successful</title>
</link_info>
